Archive member included to satisfy reference by file (symbol)

c:/gcc-arm-none-eabi-10.3-2021.10/bin/../lib/gcc/arm-none-eabi/10.3.1/thumb/v7-m/nofp\libgcc.a(_arm_muldf3.o)
                              CMakeFiles/FOC_Driver.elf.dir/FOC/FOC.c.obj (__aeabi_dmul)
c:/gcc-arm-none-eabi-10.3-2021.10/bin/../lib/gcc/arm-none-eabi/10.3.1/thumb/v7-m/nofp\libgcc.a(_arm_mulsf3.o)
                              CMakeFiles/FOC_Driver.elf.dir/FOC/FOC.c.obj (__aeabi_fmul)
c:/gcc-arm-none-eabi-10.3-2021.10/bin/../lib/gcc/arm-none-eabi/10.3.1/thumb/v7-m/nofp\libgcc.a(_arm_addsubdf3.o)
                              CMakeFiles/FOC_Driver.elf.dir/Core/Src/freertos.c.obj (__aeabi_dsub)
c:/gcc-arm-none-eabi-10.3-2021.10/bin/../lib/gcc/arm-none-eabi/10.3.1/thumb/v7-m/nofp\libgcc.a(_arm_cmpdf2.o)
                              CMakeFiles/FOC_Driver.elf.dir/FOC/FOC.c.obj (__aeabi_dcmplt)
c:/gcc-arm-none-eabi-10.3-2021.10/bin/../lib/gcc/arm-none-eabi/10.3.1/thumb/v7-m/nofp\libgcc.a(_arm_fixdfsi.o)
                              CMakeFiles/FOC_Driver.elf.dir/FOC/FOC.c.obj (__aeabi_d2iz)
c:/gcc-arm-none-eabi-10.3-2021.10/bin/../lib/gcc/arm-none-eabi/10.3.1/thumb/v7-m/nofp\libgcc.a(_arm_fixunsdfsi.o)
                              CMakeFiles/FOC_Driver.elf.dir/FOC/FOC.c.obj (__aeabi_d2uiz)
c:/gcc-arm-none-eabi-10.3-2021.10/bin/../lib/gcc/arm-none-eabi/10.3.1/thumb/v7-m/nofp\libgcc.a(_arm_truncdfsf2.o)
                              CMakeFiles/FOC_Driver.elf.dir/Core/Src/freertos.c.obj (__aeabi_d2f)
c:/gcc-arm-none-eabi-10.3-2021.10/bin/../lib/gcc/arm-none-eabi/10.3.1/thumb/v7-m/nofp\libgcc.a(_arm_addsubsf3.o)
                              CMakeFiles/FOC_Driver.elf.dir/Core/Src/freertos.c.obj (__aeabi_fsub)
c:/gcc-arm-none-eabi-10.3-2021.10/bin/../lib/gcc/arm-none-eabi/10.3.1/thumb/v7-m/nofp\libgcc.a(_arm_muldivsf3.o)
                              CMakeFiles/FOC_Driver.elf.dir/FOC/FOC.c.obj (__aeabi_fdiv)
c:/gcc-arm-none-eabi-10.3-2021.10/bin/../lib/gcc/arm-none-eabi/10.3.1/thumb/v7-m/nofp\libgcc.a(_arm_cmpsf2.o)
                              CMakeFiles/FOC_Driver.elf.dir/Core/Src/freertos.c.obj (__aeabi_fcmplt)
c:/gcc-arm-none-eabi-10.3-2021.10/bin/../lib/gcc/arm-none-eabi/10.3.1/thumb/v7-m/nofp\libgcc.a(_arm_fixsfsi.o)
                              CMakeFiles/FOC_Driver.elf.dir/FOC/FOC_utils.c.obj (__aeabi_f2iz)
c:/gcc-arm-none-eabi-10.3-2021.10/bin/../lib/gcc/arm-none-eabi/10.3.1/../../../../arm-none-eabi/lib/thumb/v7-m/nofp\libg.a(lib_a-errno.o)
                              CMakeFiles/FOC_Driver.elf.dir/Core/Src/syscalls.c.obj (__errno)
c:/gcc-arm-none-eabi-10.3-2021.10/bin/../lib/gcc/arm-none-eabi/10.3.1/../../../../arm-none-eabi/lib/thumb/v7-m/nofp\libg.a(lib_a-exit.o)
                              c:/gcc-arm-none-eabi-10.3-2021.10/bin/../lib/gcc/arm-none-eabi/10.3.1/../../../../arm-none-eabi/lib/thumb/v7-m/nofp/crt0.o (exit)
c:/gcc-arm-none-eabi-10.3-2021.10/bin/../lib/gcc/arm-none-eabi/10.3.1/../../../../arm-none-eabi/lib/thumb/v7-m/nofp\libg.a(lib_a-impure.o)
                              c:/gcc-arm-none-eabi-10.3-2021.10/bin/../lib/gcc/arm-none-eabi/10.3.1/../../../../arm-none-eabi/lib/thumb/v7-m/nofp\libg.a(lib_a-exit.o) (_global_impure_ptr)
c:/gcc-arm-none-eabi-10.3-2021.10/bin/../lib/gcc/arm-none-eabi/10.3.1/../../../../arm-none-eabi/lib/thumb/v7-m/nofp\libg.a(lib_a-init.o)
                              c:/gcc-arm-none-eabi-10.3-2021.10/bin/../lib/gcc/arm-none-eabi/10.3.1/../../../../arm-none-eabi/lib/thumb/v7-m/nofp/crt0.o (__libc_init_array)
c:/gcc-arm-none-eabi-10.3-2021.10/bin/../lib/gcc/arm-none-eabi/10.3.1/../../../../arm-none-eabi/lib/thumb/v7-m/nofp\libg.a(lib_a-itoa.o)
                              CMakeFiles/FOC_Driver.elf.dir/GUI/gui.c.obj (itoa)
c:/gcc-arm-none-eabi-10.3-2021.10/bin/../lib/gcc/arm-none-eabi/10.3.1/../../../../arm-none-eabi/lib/thumb/v7-m/nofp\libg.a(lib_a-malloc.o)
                              CMakeFiles/FOC_Driver.elf.dir/GUI/st7735/st7735.c.obj (malloc)
c:/gcc-arm-none-eabi-10.3-2021.10/bin/../lib/gcc/arm-none-eabi/10.3.1/../../../../arm-none-eabi/lib/thumb/v7-m/nofp\libg.a(lib_a-mallocr.o)
                              c:/gcc-arm-none-eabi-10.3-2021.10/bin/../lib/gcc/arm-none-eabi/10.3.1/../../../../arm-none-eabi/lib/thumb/v7-m/nofp\libg.a(lib_a-malloc.o) (_malloc_r)
c:/gcc-arm-none-eabi-10.3-2021.10/bin/../lib/gcc/arm-none-eabi/10.3.1/../../../../arm-none-eabi/lib/thumb/v7-m/nofp\libg.a(lib_a-memcpy.o)
                              CMakeFiles/FOC_Driver.elf.dir/Middlewares/Third_Party/FreeRTOS/Source/queue.c.obj (memcpy)
c:/gcc-arm-none-eabi-10.3-2021.10/bin/../lib/gcc/arm-none-eabi/10.3.1/../../../../arm-none-eabi/lib/thumb/v7-m/nofp\libg.a(lib_a-memset.o)
                              c:/gcc-arm-none-eabi-10.3-2021.10/bin/../lib/gcc/arm-none-eabi/10.3.1/../../../../arm-none-eabi/lib/thumb/v7-m/nofp/crt0.o (memset)
c:/gcc-arm-none-eabi-10.3-2021.10/bin/../lib/gcc/arm-none-eabi/10.3.1/../../../../arm-none-eabi/lib/thumb/v7-m/nofp\libg.a(lib_a-mlock.o)
[...]
Memory Configuration

Name             Origin             Length             Attributes
RAM              0x20000000         0x00005000         xrw
FLASH            0x08000000         0x00020000         xr
*default*        0x00000000         0xffffffff

Linker script and memory map

LOAD c:/gcc-arm-none-eabi-10.3-2021.10/bin/../lib/gcc/arm-none-eabi/10.3.1/thumb/v7-m/nofp/crti.o
LOAD c:/gcc-arm-none-eabi-10.3-2021.10/bin/../lib/gcc/arm-none-eabi/10.3.1/thumb/v7-m/nofp/crtbegin.o
LOAD c:/gcc-arm-none-eabi-10.3-2021.10/bin/../lib/gcc/arm-none-eabi/10.3.1/../../../../arm-none-eabi/lib/thumb/v7-m/nofp/crt0.o
LOAD CMakeFiles/FOC_Driver.elf.dir/BSP/bsp_button.c.obj
LOAD CMakeFiles/FOC_Driver.elf.dir/Core/Src/adc.c.obj
LOAD CMakeFiles/FOC_Driver.elf.dir/Core/Src/can.c.obj
LOAD CMakeFiles/FOC_Driver.elf.dir/Core/Src/freertos.c.obj
LOAD CMakeFiles/FOC_Driver.elf.dir/Core/Src/gpio.c.obj
LOAD CMakeFiles/FOC_Driver.elf.dir/Core/Src/i2c.c.obj
LOAD CMakeFiles/FOC_Driver.elf.dir/Core/Src/main.c.obj
LOAD CMakeFiles/FOC_Driver.elf.dir/Core/Src/retarget.c.obj
LOAD CMakeFiles/FOC_Driver.elf.dir/Core/Src/spi.c.obj
LOAD CMakeFiles/FOC_Driver.elf.dir/Core/Src/stm32f1xx_hal_msp.c.obj
LOAD CMakeFiles/FOC_Driver.elf.dir/Core/Src/stm32f1xx_hal_timebase_tim.c.obj
LOAD CMakeFiles/FOC_Driver.elf.dir/Core/Src/stm32f1xx_it.c.obj
LOAD CMakeFiles/FOC_Driver.elf.dir/Core/Src/syscalls.c.obj
LOAD CMakeFiles/FOC_Driver.elf.dir/Core/Src/sysmem.c.obj
LOAD CMakeFiles/FOC_Driver.elf.dir/Core/Src/system_stm32f1xx.c.obj
LOAD CMakeFiles/FOC_Driver.elf.dir/Core/Src/tim.c.obj
LOAD CMakeFiles/FOC_Driver.elf.dir/Core/Src/usart.c.obj
LOAD CMakeFiles/FOC_Driver.elf.dir/Core/Startup/startup_stm32f103cbtx.s.obj
LOAD CMakeFiles/FOC_Driver.elf.dir/Drivers/STM32F1xx_HAL_Driver/Src/stm32f1xx_hal.c.obj
LOAD CMakeFiles/FOC_Driver.elf.dir/Drivers/STM32F1xx_HAL_Driver/Src/stm32f1xx_hal_adc.c.obj
LOAD CMakeFiles/FOC_Driver.elf.dir/Drivers/STM32F1xx_HAL_Driver/Src/stm32f1xx_hal_adc_ex.c.obj
LOAD CMakeFiles/FOC_Driver.elf.dir/Drivers/STM32F1xx_HAL_Driver/Src/stm32f1xx_hal_can.c.obj
LOAD CMakeFiles/FOC_Driver.elf.dir/Drivers/STM32F1xx_HAL_Driver/Src/stm32f1xx_hal_cortex.c.obj
LOAD CMakeFiles/FOC_Driver.elf.dir/Drivers/STM32F1xx_HAL_Driver/Src/stm32f1xx_hal_dma.c.obj
LOAD CMakeFiles/FOC_Driver.elf.dir/Drivers/STM32F1xx_HAL_Driver/Src/stm32f1xx_hal_exti.c.obj
LOAD CMakeFiles/FOC_Driver.elf.dir/Drivers/STM32F1xx_HAL_Driver/Src/stm32f1xx_hal_flash.c.obj
LOAD CMakeFiles/FOC_Driver.elf.dir/Drivers/STM32F1xx_HAL_Driver/Src/stm32f1xx_hal_flash_ex.c.obj
LOAD CMakeFiles/FOC_Driver.elf.dir/Drivers/STM32F1xx_HAL_Driver/Src/stm32f1xx_hal_gpio.c.obj
LOAD CMakeFiles/FOC_Driver.elf.dir/Drivers/STM32F1xx_HAL_Driver/Src/stm32f1xx_hal_gpio_ex.c.obj
LOAD CMakeFiles/FOC_Driver.elf.dir/Drivers/STM32F1xx_HAL_Driver/Src/stm32f1xx_hal_i2c.c.obj
LOAD CMakeFiles/FOC_Driver.elf.dir/Drivers/STM32F1xx_HAL_Driver/Src/stm32f1xx_hal_pwr.c.obj
LOAD CMakeFiles/FOC_Driver.elf.dir/Drivers/STM32F1xx_HAL_Driver/Src/stm32f1xx_hal_rcc.c.obj
LOAD CMakeFiles/FOC_Driver.elf.dir/Drivers/STM32F1xx_HAL_Driver/Src/stm32f1xx_hal_rcc_ex.c.obj
LOAD CMakeFiles/FOC_Driver.elf.dir/Drivers/STM32F1xx_HAL_Driver/Src/stm32f1xx_hal_spi.c.obj
LOAD CMakeFiles/FOC_Driver.elf.dir/Drivers/STM32F1xx_HAL_Driver/Src/stm32f1xx_hal_tim.c.obj
LOAD CMakeFiles/FOC_Driver.elf.dir/Drivers/STM32F1xx_HAL_Driver/Src/stm32f1xx_hal_tim_ex.c.obj
LOAD CMakeFiles/FOC_Driver.elf.dir/Drivers/STM32F1xx_HAL_Driver/Src/stm32f1xx_hal_uart.c.obj
LOAD CMakeFiles/FOC_Driver.elf.dir/FOC/FOC.c.obj
LOAD CMakeFiles/FOC_Driver.elf.dir/FOC/FOC_LPF.c.obj
LOAD CMakeFiles/FOC_Driver.elf.dir/FOC/FOC_PID.c.obj
LOAD CMakeFiles/FOC_Driver.elf.dir/FOC/FOC_utils.c.obj
LOAD CMakeFiles/FOC_Driver.elf.dir/FOC/hardware_specific/stm32_mcu.c.obj
LOAD CMakeFiles/FOC_Driver.elf.dir/FOC/sensor/AS5600.c.obj
LOAD CMakeFiles/FOC_Driver.elf.dir/FOC/sensor/current_sense.c.obj
LOAD CMakeFiles/FOC_Driver.elf.dir/GUI/gui.c.obj
LOAD CMakeFiles/FOC_Driver.elf.dir/GUI/st7735/fonts.c.obj
LOAD CMakeFiles/FOC_Driver.elf.dir/GUI/st7735/image.c.obj
LOAD CMakeFiles/FOC_Driver.elf.dir/GUI/st7735/st7735.c.obj
LOAD CMakeFiles/FOC_Driver.elf.dir/Middlewares/Third_Party/FreeRTOS/Source/CMSIS_RTOS/cmsis_os.c.obj
LOAD CMakeFiles/FOC_Driver.elf.dir/Middlewares/Third_Party/FreeRTOS/Source/croutine.c.obj
LOAD CMakeFiles/FOC_Driver.elf.dir/Middlewares/Third_Party/FreeRTOS/Source/event_groups.c.obj
LOAD CMakeFiles/FOC_Driver.elf.dir/Middlewares/Third_Party/FreeRTOS/Source/list.c.obj
LOAD CMakeFiles/FOC_Driver.elf.dir/Middlewares/Third_Party/FreeRTOS/Source/portable/GCC/ARM_CM3/port.c.obj
LOAD CMakeFiles/FOC_Driver.elf.dir/Middlewares/Third_Party/FreeRTOS/Source/portable/MemMang/heap_4.c.obj
LOAD CMakeFiles/FOC_Driver.elf.dir/Middlewares/Third_Party/FreeRTOS/Source/queue.c.obj
LOAD CMakeFiles/FOC_Driver.elf.dir/Middlewares/Third_Party/FreeRTOS/Source/stream_buffer.c.obj
LOAD CMakeFiles/FOC_Driver.elf.dir/Middlewares/Third_Party/FreeRTOS/Source/tasks.c.obj
LOAD CMakeFiles/FOC_Driver.elf.dir/Middlewares/Third_Party/FreeRTOS/Source/timers.c.obj
START GROUP
LOAD c:/gcc-arm-none-eabi-10.3-2021.10/bin/../lib/gcc/arm-none-eabi/10.3.1/thumb/v7-m/nofp\libgcc.a
LOAD c:/gcc-arm-none-eabi-10.3-2021.10/bin/../lib/gcc/arm-none-eabi/10.3.1/../../../../arm-none-eabi/lib/thumb/v7-m/nofp\libg.a
LOAD c:/gcc-arm-none-eabi-10.3-2021.10/bin/../lib/gcc/arm-none-eabi/10.3.1/../../../../arm-none-eabi/lib/thumb/v7-m/nofp\libc.a
END GROUP
LOAD c:/gcc-arm-none-eabi-10.3-2021.10/bin/../lib/gcc/arm-none-eabi/10.3.1/thumb/v7-m/nofp/crtend.o
LOAD c:/gcc-arm-none-eabi-10.3-2021.10/bin/../lib/gcc/arm-none-eabi/10.3.1/thumb/v7-m/nofp/crtn.o
                0x20005000                _estack = (ORIGIN (RAM) + LENGTH (RAM))
                0x00000200                _Min_Heap_Size = 0x200
                0x00000400                _Min_Stack_Size = 0x400

.isr_vector     0x08000000      0x10c
                0x08000000                . = ALIGN (0x4)
 *(.isr_vector)
 .isr_vector    0x08000000      0x10c CMakeFiles/FOC_Driver.elf.dir/Core/Startup/startup_stm32f103cbtx.s.obj
                0x08000000                g_pfnVectors
                0x0800010c                . = ALIGN (0x4)

.text           0x08000110     0x8674
                0x08000110                . = ALIGN (0x4)
 *(.text)
 .text          0x08000110       0x40 c:/gcc-arm-none-eabi-10.3-2021.10/bin/../lib/gcc/arm-none-eabi/10.3.1/thumb/v7-m/nofp/crtbegin.o
 .text          0x08000150      0x378 c:/gcc-arm-none-eabi-10.3-2021.10/bin/../lib/gcc/arm-none-eabi/10.3.1/thumb/v7-m/nofp\libgcc.a(_arm_addsubdf3.o)
                0x08000150                __aeabi_drsub
                0x08000158                __aeabi_dsub
                0x08000158                __subdf3
                0x0800015c                __aeabi_dadd
                0x0800015c                __adddf3
                0x080003d4                __floatunsidf
                0x080003d4                __aeabi_ui2d
                0x080003f4                __floatsidf
                0x080003f4                __aeabi_i2d
                0x08000418                __aeabi_f2d
                0x08000418                __extendsfdf2
                0x0800045c                __floatundidf
                0x0800045c                __aeabi_ul2d
                0x0800046c                __floatdidf
                0x0800046c                __aeabi_l2d
 .text          0x080004c8      0x110 c:/gcc-arm-none-eabi-10.3-2021.10/bin/../lib/gcc/arm-none-eabi/10.3.1/thumb/v7-m/nofp\libgcc.a(_arm_cmpdf2.o)
                0x080004c8                __gtdf2
                0x080004c8                __gedf2
                0x080004d0                __ltdf2
                0x080004d0                __ledf2
                0x080004d8                __nedf2
                0x080004d8                __eqdf2
                0x080004d8                __cmpdf2
                0x08000554                __aeabi_cdrcmple
                0x08000564                __aeabi_cdcmpeq
                0x08000564                __aeabi_cdcmple
                0x08000574                __aeabi_dcmpeq
                0x08000588                __aeabi_dcmplt
                0x0800059c                __aeabi_dcmple
                0x080005b0                __aeabi_dcmpge
                0x080005c4                __aeabi_dcmpgt
 .text          0x080005d8       0x50 c:/gcc-arm-none-eabi-10.3-2021.10/bin/../lib/gcc/arm-none-eabi/10.3.1/thumb/v7-m/nofp\libgcc.a(_arm_fixdfsi.o)
                0x080005d8                __aeabi_d2iz
                0x080005d8                __fixdfsi
 .text          0x08000628       0x40 c:/gcc-arm-none-eabi-10.3-2021.10/bin/../lib/gcc/arm-none-eabi/10.3.1/thumb/v7-m/nofp\libgcc.a(_arm_fixunsdfsi.o)
                0x08000628                __aeabi_d2uiz
                0x08000628                __fixunsdfsi
 .text          0x08000668       0xa0 c:/gcc-arm-none-eabi-10.3-2021.10/bin/../lib/gcc/arm-none-eabi/10.3.1/thumb/v7-m/nofp\libgcc.a(_arm_truncdfsf2.o)
                0x08000668                __truncdfsf2
                0x08000668                __aeabi_d2f
 .text          0x08000708      0x21c c:/gcc-arm-none-eabi-10.3-2021.10/bin/../lib/gcc/arm-none-eabi/10.3.1/thumb/v7-m/nofp\libgcc.a(_arm_addsubsf3.o)
                0x08000708                __aeabi_frsub
                0x08000710                __subsf3
                0x08000710                __aeabi_fsub
                0x08000714                __aeabi_fadd
                0x08000714                __addsf3
                0x08000874                __aeabi_ui2f
                0x08000874                __floatunsisf
                0x0800087c                __aeabi_i2f
                0x0800087c                __floatsisf
                0x08000898                __aeabi_ul2f
                0x08000898                __floatundisf
                0x080008a8                __aeabi_l2f
                0x080008a8                __floatdisf
 .text          0x08000924      0x2a0 c:/gcc-arm-none-eabi-10.3-2021.10/bin/../lib/gcc/arm-none-eabi/10.3.1/thumb/v7-m/nofp\libgcc.a(_arm_muldivsf3.o)
                0x08000924                __mulsf3
                0x08000924                __aeabi_fmul
                0x08000a8c                __aeabi_fdiv
                0x08000a8c                __divsf3
 .text          0x08000bc4       0xec c:/gcc-arm-none-eabi-10.3-2021.10/bin/../lib/gcc/arm-none-eabi/10.3.1/thumb/v7-m/nofp\libgcc.a(_arm_cmpsf2.o)
                0x08000bc4                __gesf2
                0x08000bc4                __gtsf2
                0x08000bcc                __lesf2
                0x08000bcc                __ltsf2
                0x08000bd4                __nesf2
                0x08000bd4                __eqsf2
                0x08000bd4                __cmpsf2
                0x08000c34                __aeabi_cfrcmple
                0x08000c3c                __aeabi_cfcmpeq
                0x08000c3c                __aeabi_cfcmple
                0x08000c4c                __aeabi_fcmpeq
                0x08000c60                __aeabi_fcmplt
                0x08000c74                __aeabi_fcmple
                0x08000c88                __aeabi_fcmpge
                0x08000c9c                __aeabi_fcmpgt
 .text          0x08000cb0       0x4c c:/gcc-arm-none-eabi-10.3-2021.10/bin/../lib/gcc/arm-none-eabi/10.3.1/thumb/v7-m/nofp\libgcc.a(_arm_fixsfsi.o)
                0x08000cb0                __aeabi_f2iz
                0x08000cb0                __fixsfsi
 .text          0x08000cfc      0x424 c:/gcc-arm-none-eabi-10.3-2021.10/bin/../lib/gcc/arm-none-eabi/10.3.1/thumb/v7-m/nofp\libgcc.a(_arm_muldivdf3.o)
                0x08000cfc                __aeabi_dmul
                0x08000cfc                __muldf3
                0x08000f50                __divdf3
                0x08000f50                __aeabi_ddiv
 .text          0x08001120       0x2c c:/gcc-arm-none-eabi-10.3-2021.10/bin/../lib/gcc/arm-none-eabi/10.3.1/thumb/v7-m/nofp\libgcc.a(_arm_unorddf2.o)
                0x08001120                __unorddf2
                0x08001120                __aeabi_dcmpun
 *(.text*)
 .text.button_reset_all_flags
                0x0800114c       0x2c CMakeFiles/FOC_Driver.elf.dir/BSP/bsp_button.c.obj
                0x0800114c                button_reset_all_flags
 .text.HAL_GPIO_EXTI_Callback
                0x08001178       0x68 CMakeFiles/FOC_Driver.elf.dir/BSP/bsp_button.c.obj
                0x08001178                HAL_GPIO_EXTI_Callback
 .text.MX_ADC1_Init
                0x080011e0       0x90 CMakeFiles/FOC_Driver.elf.dir/Core/Src/adc.c.obj
                0x080011e0                MX_ADC1_Init
 .text.HAL_ADC_MspInit
                0x08001270       0x60 CMakeFiles/FOC_Driver.elf.dir/Core/Src/adc.c.obj
                0x08001270                HAL_ADC_MspInit
 .text.MX_CAN_Init
                0x080012d0       0x38 CMakeFiles/FOC_Driver.elf.dir/Core/Src/can.c.obj
                0x080012d0                MX_CAN_Init
 .text.HAL_CAN_MspInit
                0x08001308       0x74 CMakeFiles/FOC_Driver.elf.dir/Core/Src/can.c.obj
                0x08001308                HAL_CAN_MspInit
 .text.StartDefaultTask
                0x0800137c        0xa CMakeFiles/FOC_Driver.elf.dir/Core/Src/freertos.c.obj
                0x0800137c                StartDefaultTask
 *fill*         0x08001386        0x2 
 .text.vApplicationGetIdleTaskMemory
                0x08001388       0x18 CMakeFiles/FOC_Driver.elf.dir/Core/Src/freertos.c.obj
                0x08001388                vApplicationGetIdleTaskMemory
 .text.MX_FREERTOS_Init
                0x080013a0      0x14c CMakeFiles/FOC_Driver.elf.dir/Core/Src/freertos.c.obj
                0x080013a0                MX_FREERTOS_Init
 .text.SuspendToRunOtherTask
                0x080014ec       0x48 CMakeFiles/FOC_Driver.elf.dir/Core/Src/freertos.c.obj
                0x080014ec                SuspendToRunOtherTask
 .text.TaskSelectTask
                0x08001534      0x14c CMakeFiles/FOC_Driver.elf.dir/Core/Src/freertos.c.obj
                0x08001534                TaskSelectTask
 .text.OpenLoopPosControlTask
                0x08001680       0x7c CMakeFiles/FOC_Driver.elf.dir/Core/Src/freertos.c.obj
                0x08001680                OpenLoopPosControlTask
 *fill*         0x080016fc        0x4 
 .text.OpenLoopVelControlTask
                0x08001700       0xc4 CMakeFiles/FOC_Driver.elf.dir/Core/Src/freertos.c.obj
                0x08001700                OpenLoopVelControlTask
 .text.TorqueControlTask
                0x080017c4       0x78 CMakeFiles/FOC_Driver.elf.dir/Core/Src/freertos.c.obj
                0x080017c4                TorqueControlTask
 .text.VelocityControlTask
                0x0800183c       0x78 CMakeFiles/FOC_Driver.elf.dir/Core/Src/freertos.c.obj
                0x0800183c                VelocityControlTask
 .text.PositionControlTask
                0x080018b4       0x90 CMakeFiles/FOC_Driver.elf.dir/Core/Src/freertos.c.obj
                0x080018b4                PositionControlTask
 .text.SpringTask
                0x08001944       0x4c CMakeFiles/FOC_Driver.elf.dir/Core/Src/freertos.c.obj
                0x08001944                SpringTask
 .text.KnobTask
                0x08001990      0x198 CMakeFiles/FOC_Driver.elf.dir/Core/Src/freertos.c.obj
                0x08001990                KnobTask
 .text.MX_GPIO_Init
                0x08001b28       0xc8 CMakeFiles/FOC_Driver.elf.dir/Core/Src/gpio.c.obj
                0x08001b28                MX_GPIO_Init
 .text.MX_I2C1_Init
                0x08001bf0       0x3c CMakeFiles/FOC_Driver.elf.dir/Core/Src/i2c.c.obj
                0x08001bf0                MX_I2C1_Init
 .text.HAL_I2C_MspInit
                0x08001c2c       0x78 CMakeFiles/FOC_Driver.elf.dir/Core/Src/i2c.c.obj
                0x08001c2c                HAL_I2C_MspInit
 .text.HAL_TIM_PeriodElapsedCallback
                0x08001ca4       0x18 CMakeFiles/FOC_Driver.elf.dir/Core/Src/main.c.obj
                0x08001ca4                HAL_TIM_PeriodElapsedCallback
 .text.Error_Handler
                0x08001cbc        0x4 CMakeFiles/FOC_Driver.elf.dir/Core/Src/main.c.obj
                0x08001cbc                Error_Handler
 .text.SystemClock_Config
                0x08001cc0       0x84 CMakeFiles/FOC_Driver.elf.dir/Core/Src/main.c.obj
                0x08001cc0                SystemClock_Config
 .text.main     0x08001d44       0x64 CMakeFiles/FOC_Driver.elf.dir/Core/Src/main.c.obj
                0x08001d44                main
 .text.MX_SPI1_Init
                0x08001da8       0x48 CMakeFiles/FOC_Driver.elf.dir/Core/Src/spi.c.obj
                0x08001da8                MX_SPI1_Init
 .text.HAL_SPI_MspInit
                0x08001df0       0x64 CMakeFiles/FOC_Driver.elf.dir/Core/Src/spi.c.obj
                0x08001df0                HAL_SPI_MspInit
 .text.HAL_MspInit
                0x08001e54       0x54 CMakeFiles/FOC_Driver.elf.dir/Core/Src/stm32f1xx_hal_msp.c.obj
                0x08001e54                HAL_MspInit
 .text.HAL_InitTick
                0x08001ea8       0xa0 CMakeFiles/FOC_Driver.elf.dir/Core/Src/stm32f1xx_hal_timebase_tim.c.obj
                0x08001ea8                HAL_InitTick
 .text.NMI_Handler
                0x08001f48        0x2 CMakeFiles/FOC_Driver.elf.dir/Core/Src/stm32f1xx_it.c.obj
                0x08001f48                NMI_Handler
 .text.HardFault_Handler
                0x08001f4a        0x2 CMakeFiles/FOC_Driver.elf.dir/Core/Src/stm32f1xx_it.c.obj
                0x08001f4a                HardFault_Handler
 .text.MemManage_Handler
                0x08001f4c        0x2 CMakeFiles/FOC_Driver.elf.dir/Core/Src/stm32f1xx_it.c.obj
                0x08001f4c                MemManage_Handler
 .text.BusFault_Handler
                0x08001f4e        0x2 CMakeFiles/FOC_Driver.elf.dir/Core/Src/stm32f1xx_it.c.obj
                0x08001f4e                BusFault_Handler
 .text.UsageFault_Handler
                0x08001f50        0x2 CMakeFiles/FOC_Driver.elf.dir/Core/Src/stm32f1xx_it.c.obj
                0x08001f50                UsageFault_Handler
 .text.DebugMon_Handler
                0x08001f52        0x2 CMakeFiles/FOC_Driver.elf.dir/Core/Src/stm32f1xx_it.c.obj
                0x08001f52                DebugMon_Handler
 .text.TIM4_IRQHandler
                0x08001f54       0x10 CMakeFiles/FOC_Driver.elf.dir/Core/Src/stm32f1xx_it.c.obj
                0x08001f54                TIM4_IRQHandler
 .text.EXTI15_10_IRQHandler
                0x08001f64       0x24 CMakeFiles/FOC_Driver.elf.dir/Core/Src/stm32f1xx_it.c.obj
                0x08001f64                EXTI15_10_IRQHandler
 .text._sbrk    0x08001f88       0x48 CMakeFiles/FOC_Driver.elf.dir/Core/Src/sysmem.c.obj
                0x08001f88                _sbrk
 .text.SystemInit
                0x08001fd0        0x2 CMakeFiles/FOC_Driver.elf.dir/Core/Src/system_stm32f1xx.c.obj
                0x08001fd0                SystemInit
 *fill*         0x08001fd2        0x2 
 .text.HAL_TIM_Base_MspInit
                0x08001fd4       0x2c CMakeFiles/FOC_Driver.elf.dir/Core/Src/tim.c.obj
                0x08001fd4                HAL_TIM_Base_MspInit
 .text.HAL_TIM_MspPostInit
                0x08002000       0x50 CMakeFiles/FOC_Driver.elf.dir/Core/Src/tim.c.obj
                0x08002000                HAL_TIM_MspPostInit
 .text.MX_TIM1_Init
                0x08002050      0x10c CMakeFiles/FOC_Driver.elf.dir/Core/Src/tim.c.obj
                0x08002050                MX_TIM1_Init
 .text.MX_USART1_UART_Init
                0x0800215c       0x34 CMakeFiles/FOC_Driver.elf.dir/Core/Src/usart.c.obj
                0x0800215c                MX_USART1_UART_Init
 .text.HAL_UART_MspInit
                0x08002190       0x88 CMakeFiles/FOC_Driver.elf.dir/Core/Src/usart.c.obj
                0x08002190                HAL_UART_MspInit
 .text.Reset_Handler
                0x08002218       0x48 CMakeFiles/FOC_Driver.elf.dir/Core/Startup/startup_stm32f103cbtx.s.obj
                0x08002218                Reset_Handler
 .text.Default_Handler
                0x08002260        0x2 CMakeFiles/FOC_Driver.elf.dir/Core/Startup/startup_stm32f103cbtx.s.obj
                0x08002260                RTC_Alarm_IRQHandler
                0x08002260                EXTI2_IRQHandler
                0x08002260                TIM1_CC_IRQHandler
                0x08002260                PVD_IRQHandler
                0x08002260                EXTI3_IRQHandler
                0x08002260                EXTI0_IRQHandler
                0x08002260                I2C2_EV_IRQHandler
                0x08002260                ADC1_2_IRQHandler
                0x08002260                SPI1_IRQHandler
                0x08002260                TAMPER_IRQHandler
                0x08002260                DMA1_Channel4_IRQHandler
                0x08002260                USART3_IRQHandler
                0x08002260                RTC_IRQHandler
                0x08002260                DMA1_Channel7_IRQHandler
                0x08002260                CAN1_RX1_IRQHandler
                0x08002260                I2C1_EV_IRQHandler
                0x08002260                DMA1_Channel6_IRQHandler
                0x08002260                TIM3_IRQHandler
                0x08002260                RCC_IRQHandler
                0x08002260                TIM1_TRG_COM_IRQHandler
                0x08002260                DMA1_Channel1_IRQHandler
                0x08002260                Default_Handler
                0x08002260                EXTI9_5_IRQHandler
                0x08002260                SPI2_IRQHandler
                0x08002260                DMA1_Channel5_IRQHandler
                0x08002260                EXTI4_IRQHandler
                0x08002260                USB_LP_CAN1_RX0_IRQHandler
                0x08002260                USB_HP_CAN1_TX_IRQHandler
                0x08002260                DMA1_Channel3_IRQHandler
                0x08002260                TIM1_UP_IRQHandler
                0x08002260                WWDG_IRQHandler
                0x08002260                TIM2_IRQHandler
                0x08002260                TIM1_BRK_IRQHandler
                0x08002260                EXTI1_IRQHandler
                0x08002260                USART2_IRQHandler
                0x08002260                I2C2_ER_IRQHandler
                0x08002260                DMA1_Channel2_IRQHandler
                0x08002260                CAN1_SCE_IRQHandler
                0x08002260                FLASH_IRQHandler
                0x08002260                USART1_IRQHandler
                0x08002260                I2C1_ER_IRQHandler
                0x08002260                USBWakeUp_IRQHandler
 *fill*         0x08002262        0x2 
 .text.HAL_Init
                0x08002264       0x24 CMakeFiles/FOC_Driver.elf.dir/Drivers/STM32F1xx_HAL_Driver/Src/stm32f1xx_hal.c.obj
                0x08002264                HAL_Init
 .text.HAL_IncTick
                0x08002288       0x18 CMakeFiles/FOC_Driver.elf.dir/Drivers/STM32F1xx_HAL_Driver/Src/stm32f1xx_hal.c.obj
                0x08002288                HAL_IncTick
 .text.HAL_GetTick
                0x080022a0        0xc CMakeFiles/FOC_Driver.elf.dir/Drivers/STM32F1xx_HAL_Driver/Src/stm32f1xx_hal.c.obj
                0x080022a0                HAL_GetTick
 .text.HAL_Delay
                0x080022ac       0x28 CMakeFiles/FOC_Driver.elf.dir/Drivers/STM32F1xx_HAL_Driver/Src/stm32f1xx_hal.c.obj
                0x080022ac                HAL_Delay
 .text.HAL_ADC_ConfigChannel
                0x080022d4      0x144 CMakeFiles/FOC_Driver.elf.dir/Drivers/STM32F1xx_HAL_Driver/Src/stm32f1xx_hal_adc.c.obj
                0x080022d4                HAL_ADC_ConfigChannel
 .text.ADC_Enable
                0x08002418       0x88 CMakeFiles/FOC_Driver.elf.dir/Drivers/STM32F1xx_HAL_Driver/Src/stm32f1xx_hal_adc.c.obj
                0x08002418                ADC_Enable
 .text.ADC_ConversionStop_Disable
                0x080024a0       0x56 CMakeFiles/FOC_Driver.elf.dir/Drivers/STM32F1xx_HAL_Driver/Src/stm32f1xx_hal_adc.c.obj
                0x080024a0                ADC_ConversionStop_Disable
 *fill*         0x080024f6        0x2 
 .text.HAL_ADC_Init
                0x080024f8      0x108 CMakeFiles/FOC_Driver.elf.dir/Drivers/STM32F1xx_HAL_Driver/Src/stm32f1xx_hal_adc.c.obj
                0x080024f8                HAL_ADC_Init
 .text.HAL_ADCEx_Calibration_Start
                0x08002600      0x100 CMakeFiles/FOC_Driver.elf.dir/Drivers/STM32F1xx_HAL_Driver/Src/stm32f1xx_hal_adc_ex.c.obj
                0x08002600                HAL_ADCEx_Calibration_Start
 .text.HAL_CAN_Init
                0x08002700      0x14c CMakeFiles/FOC_Driver.elf.dir/Drivers/STM32F1xx_HAL_Driver/Src/stm32f1xx_hal_can.c.obj
                0x08002700                HAL_CAN_Init
 .text.HAL_NVIC_SetPriorityGrouping
                0x0800284c       0x24 CMakeFiles/FOC_Driver.elf.dir/Drivers/STM32F1xx_HAL_Driver/Src/stm32f1xx_hal_cortex.c.obj
                0x0800284c                HAL_NVIC_SetPriorityGrouping
 .text.HAL_NVIC_SetPriority
                0x08002870       0x70 CMakeFiles/FOC_Driver.elf.dir/Drivers/STM32F1xx_HAL_Driver/Src/stm32f1xx_hal_cortex.c.obj
                0x08002870                HAL_NVIC_SetPriority
 .text.HAL_NVIC_EnableIRQ
                0x080028e0       0x1c CMakeFiles/FOC_Driver.elf.dir/Drivers/STM32F1xx_HAL_Driver/Src/stm32f1xx_hal_cortex.c.obj
                0x080028e0                HAL_NVIC_EnableIRQ
 .text.HAL_GPIO_Init
                0x080028fc      0x224 CMakeFiles/FOC_Driver.elf.dir/Drivers/STM32F1xx_HAL_Driver/Src/stm32f1xx_hal_gpio.c.obj
                0x080028fc                HAL_GPIO_Init
 .text.HAL_GPIO_ReadPin
                0x08002b20        0xe CMakeFiles/FOC_Driver.elf.dir/Drivers/STM32F1xx_HAL_Driver/Src/stm32f1xx_hal_gpio.c.obj
                0x08002b20                HAL_GPIO_ReadPin
 .text.HAL_GPIO_WritePin
                0x08002b2e        0xc CMakeFiles/FOC_Driver.elf.dir/Drivers/STM32F1xx_HAL_Driver/Src/stm32f1xx_hal_gpio.c.obj
                0x08002b2e                HAL_GPIO_WritePin
 *fill*         0x08002b3a        0x2 
 .text.HAL_GPIO_EXTI_IRQHandler
                0x08002b3c       0x1c CMakeFiles/FOC_Driver.elf.dir/Drivers/STM32F1xx_HAL_Driver/Src/stm32f1xx_hal_gpio.c.obj
                0x08002b3c                HAL_GPIO_EXTI_IRQHandler
 .text.I2C_IsAcknowledgeFailed
                0x08002b58       0x32 CMakeFiles/FOC_Driver.elf.dir/Drivers/STM32F1xx_HAL_Driver/Src/stm32f1xx_hal_i2c.c.obj
 .text.I2C_WaitOnFlagUntilTimeout
                0x08002b8a       0x7c CMakeFiles/FOC_Driver.elf.dir/Drivers/STM32F1xx_HAL_Driver/Src/stm32f1xx_hal_i2c.c.obj
 .text.I2C_WaitOnMasterAddressFlagUntilTimeout
                0x08002c06       0xaa CMakeFiles/FOC_Driver.elf.dir/Drivers/STM32F1xx_HAL_Driver/Src/stm32f1xx_hal_i2c.c.obj
 .text.I2C_WaitOnTXEFlagUntilTimeout
                0x08002cb0       0x54 CMakeFiles/FOC_Driver.elf.dir/Drivers/STM32F1xx_HAL_Driver/Src/stm32f1xx_hal_i2c.c.obj
 .text.I2C_RequestMemoryWrite
                0x08002d04       0xd8 CMakeFiles/FOC_Driver.elf.dir/Drivers/STM32F1xx_HAL_Driver/Src/stm32f1xx_hal_i2c.c.obj
 .text.I2C_RequestMemoryRead
                0x08002ddc      0x154 CMakeFiles/FOC_Driver.elf.dir/Drivers/STM32F1xx_HAL_Driver/Src/stm32f1xx_hal_i2c.c.obj
 .text.I2C_WaitOnBTFFlagUntilTimeout
                0x08002f30       0x54 CMakeFiles/FOC_Driver.elf.dir/Drivers/STM32F1xx_HAL_Driver/Src/stm32f1xx_hal_i2c.c.obj
 .text.I2C_WaitOnRXNEFlagUntilTimeout
                0x08002f84       0x6a CMakeFiles/FOC_Driver.elf.dir/Drivers/STM32F1xx_HAL_Driver/Src/stm32f1xx_hal_i2c.c.obj
 *fill*         0x08002fee        0x2 
 .text.HAL_I2C_Init
                0x08002ff0      0x1bc CMakeFiles/FOC_Driver.elf.dir/Drivers/STM32F1xx_HAL_Driver/Src/stm32f1xx_hal_i2c.c.obj
                0x08002ff0                HAL_I2C_Init
 .text.HAL_I2C_Mem_Write
                0x080031ac      0x164 CMakeFiles/FOC_Driver.elf.dir/Drivers/STM32F1xx_HAL_Driver/Src/stm32f1xx_hal_i2c.c.obj
                0x080031ac                HAL_I2C_Mem_Write
 .text.HAL_I2C_Mem_Read
                0x08003310      0x348 CMakeFiles/FOC_Driver.elf.dir/Drivers/STM32F1xx_HAL_Driver/Src/stm32f1xx_hal_i2c.c.obj
                0x08003310                HAL_I2C_Mem_Read
 .text.RCC_Delay
                0x08003658       0x2c CMakeFiles/FOC_Driver.elf.dir/Drivers/STM32F1xx_HAL_Driver/Src/stm32f1xx_hal_rcc.c.obj
 .text.HAL_RCC_OscConfig
                0x08003684      0x410 CMakeFiles/FOC_Driver.elf.dir/Drivers/STM32F1xx_HAL_Driver/Src/stm32f1xx_hal_rcc.c.obj
                0x08003684                HAL_RCC_OscConfig
 .text.HAL_RCC_GetSysClockFreq
                0x08003a94       0x70 CMakeFiles/FOC_Driver.elf.dir/Drivers/STM32F1xx_HAL_Driver/Src/stm32f1xx_hal_rcc.c.obj
                0x08003a94                HAL_RCC_GetSysClockFreq
 .text.HAL_RCC_ClockConfig
                0x08003b04      0x16c CMakeFiles/FOC_Driver.elf.dir/Drivers/STM32F1xx_HAL_Driver/Src/stm32f1xx_hal_rcc.c.obj
                0x08003b04                HAL_RCC_ClockConfig
 .text.HAL_RCC_GetHCLKFreq
                0x08003c70        0xc CMakeFiles/FOC_Driver.elf.dir/Drivers/STM32F1xx_HAL_Driver/Src/stm32f1xx_hal_rcc.c.obj
                0x08003c70                HAL_RCC_GetHCLKFreq
 .text.HAL_RCC_GetPCLK1Freq
                0x08003c7c       0x20 CMakeFiles/FOC_Driver.elf.dir/Drivers/STM32F1xx_HAL_Driver/Src/stm32f1xx_hal_rcc.c.obj
                0x08003c7c                HAL_RCC_GetPCLK1Freq
 .text.HAL_RCC_GetPCLK2Freq
                0x08003c9c       0x20 CMakeFiles/FOC_Driver.elf.dir/Drivers/STM32F1xx_HAL_Driver/Src/stm32f1xx_hal_rcc.c.obj
                0x08003c9c                HAL_RCC_GetPCLK2Freq
 .text.HAL_RCC_GetClockConfig
                0x08003cbc       0x3c CMakeFiles/FOC_Driver.elf.dir/Drivers/STM32F1xx_HAL_Driver/Src/stm32f1xx_hal_rcc.c.obj
                0x08003cbc                HAL_RCC_GetClockConfig
 .text.HAL_RCCEx_PeriphCLKConfig
                0x08003cf8      0x118 CMakeFiles/FOC_Driver.elf.dir/Drivers/STM32F1xx_HAL_Driver/Src/stm32f1xx_hal_rcc_ex.c.obj
                0x08003cf8                HAL_RCCEx_PeriphCLKConfig
 .text.HAL_RCCEx_GetPeriphCLKFreq
                0x08003e10      0x100 CMakeFiles/FOC_Driver.elf.dir/Drivers/STM32F1xx_HAL_Driver/Src/stm32f1xx_hal_rcc_ex.c.obj
                0x08003e10                HAL_RCCEx_GetPeriphCLKFreq
 .text.SPI_WaitFlagStateUntilTimeout
                0x08003f10       0xd4 CMakeFiles/FOC_Driver.elf.dir/Drivers/STM32F1xx_HAL_Driver/Src/stm32f1xx_hal_spi.c.obj
 .text.SPI_EndRxTxTransaction
                0x08003fe4       0x24 CMakeFiles/FOC_Driver.elf.dir/Drivers/STM32F1xx_HAL_Driver/Src/stm32f1xx_hal_spi.c.obj
 .text.HAL_SPI_Init
                0x08004008       0xb6 CMakeFiles/FOC_Driver.elf.dir/Drivers/STM32F1xx_HAL_Driver/Src/stm32f1xx_hal_spi.c.obj
                0x08004008                HAL_SPI_Init
 .text.HAL_SPI_Transmit
                0x080040be      0x1b8 CMakeFiles/FOC_Driver.elf.dir/Drivers/STM32F1xx_HAL_Driver/Src/stm32f1xx_hal_spi.c.obj
                0x080040be                HAL_SPI_Transmit
 *fill*         0x08004276        0x2 
 .text.TIM_OC1_SetConfig
                0x08004278       0x5c CMakeFiles/FOC_Driver.elf.dir/Drivers/STM32F1xx_HAL_Driver/Src/stm32f1xx_hal_tim.c.obj
 .text.TIM_OC3_SetConfig
                0x080042d4       0x64 CMakeFiles/FOC_Driver.elf.dir/Drivers/STM32F1xx_HAL_Driver/Src/stm32f1xx_hal_tim.c.obj
 .text.TIM_OC4_SetConfig
                0x08004338       0x48 CMakeFiles/FOC_Driver.elf.dir/Drivers/STM32F1xx_HAL_Driver/Src/stm32f1xx_hal_tim.c.obj
 .text.TIM_TI1_ConfigInputStage
                0x08004380       0x24 CMakeFiles/FOC_Driver.elf.dir/Drivers/STM32F1xx_HAL_Driver/Src/stm32f1xx_hal_tim.c.obj
 .text.TIM_TI2_ConfigInputStage
                0x080043a4       0x26 CMakeFiles/FOC_Driver.elf.dir/Drivers/STM32F1xx_HAL_Driver/Src/stm32f1xx_hal_tim.c.obj
 .text.TIM_ITRx_SetConfig
                0x080043ca       0x10 CMakeFiles/FOC_Driver.elf.dir/Drivers/STM32F1xx_HAL_Driver/Src/stm32f1xx_hal_tim.c.obj
 *fill*         0x080043da        0x2 
 .text.HAL_TIM_Base_Start_IT
                0x080043dc       0x68 CMakeFiles/FOC_Driver.elf.dir/Drivers/STM32F1xx_HAL_Driver/Src/stm32f1xx_hal_tim.c.obj
                0x080043dc                HAL_TIM_Base_Start_IT
 .text.HAL_TIM_PWM_MspInit
                0x08004444        0x2 CMakeFiles/FOC_Driver.elf.dir/Drivers/STM32F1xx_HAL_Driver/Src/stm32f1xx_hal_tim.c.obj
                0x08004444                HAL_TIM_PWM_MspInit
 .text.HAL_TIM_OC_DelayElapsedCallback
                0x08004446        0x2 CMakeFiles/FOC_Driver.elf.dir/Drivers/STM32F1xx_HAL_Driver/Src/stm32f1xx_hal_tim.c.obj
                0x08004446                HAL_TIM_OC_DelayElapsedCallback
 .text.HAL_TIM_IC_CaptureCallback
                0x08004448        0x2 CMakeFiles/FOC_Driver.elf.dir/Drivers/STM32F1xx_HAL_Driver/Src/stm32f1xx_hal_tim.c.obj
                0x08004448                HAL_TIM_IC_CaptureCallback
 .text.HAL_TIM_PWM_PulseFinishedCallback
                0x0800444a        0x2 CMakeFiles/FOC_Driver.elf.dir/Drivers/STM32F1xx_HAL_Driver/Src/stm32f1xx_hal_tim.c.obj
                0x0800444a                HAL_TIM_PWM_PulseFinishedCallback
 .text.HAL_TIM_TriggerCallback
                0x0800444c        0x2 CMakeFiles/FOC_Driver.elf.dir/Drivers/STM32F1xx_HAL_Driver/Src/stm32f1xx_hal_tim.c.obj
                0x0800444c                HAL_TIM_TriggerCallback
 .text.HAL_TIM_IRQHandler
                0x0800444e      0x17a CMakeFiles/FOC_Driver.elf.dir/Drivers/STM32F1xx_HAL_Driver/Src/stm32f1xx_hal_tim.c.obj
                0x0800444e                HAL_TIM_IRQHandler
 .text.TIM_Base_SetConfig
                0x080045c8       0x74 CMakeFiles/FOC_Driver.elf.dir/Drivers/STM32F1xx_HAL_Driver/Src/stm32f1xx_hal_tim.c.obj
                0x080045c8                TIM_Base_SetConfig
 .text.HAL_TIM_Base_Init
                0x0800463c       0x58 CMakeFiles/FOC_Driver.elf.dir/Drivers/STM32F1xx_HAL_Driver/Src/stm32f1xx_hal_tim.c.obj
                0x0800463c                HAL_TIM_Base_Init
 .text.HAL_TIM_PWM_Init
                0x08004694       0x58 CMakeFiles/FOC_Driver.elf.dir/Drivers/STM32F1xx_HAL_Driver/Src/stm32f1xx_hal_tim.c.obj
                0x08004694                HAL_TIM_PWM_Init
 .text.TIM_OC2_SetConfig
                0x080046ec       0x64 CMakeFiles/FOC_Driver.elf.dir/Drivers/STM32F1xx_HAL_Driver/Src/stm32f1xx_hal_tim.c.obj
                0x080046ec                TIM_OC2_SetConfig
 .text.HAL_TIM_PWM_ConfigChannel
                0x08004750       0xd0 CMakeFiles/FOC_Driver.elf.dir/Drivers/STM32F1xx_HAL_Driver/Src/stm32f1xx_hal_tim.c.obj
                0x08004750                HAL_TIM_PWM_ConfigChannel
 .text.TIM_ETR_SetConfig
                0x08004820       0x18 CMakeFiles/FOC_Driver.elf.dir/Drivers/STM32F1xx_HAL_Driver/Src/stm32f1xx_hal_tim.c.obj
                0x08004820                TIM_ETR_SetConfig
 .text.HAL_TIM_ConfigClockSource
                0x08004838       0xda CMakeFiles/FOC_Driver.elf.dir/Drivers/STM32F1xx_HAL_Driver/Src/stm32f1xx_hal_tim.c.obj
                0x08004838                HAL_TIM_ConfigClockSource
 .text.TIM_CCxChannelCmd
                0x08004912       0x1e CMakeFiles/FOC_Driver.elf.dir/Drivers/STM32F1xx_HAL_Driver/Src/stm32f1xx_hal_tim.c.obj
                0x08004912                TIM_CCxChannelCmd
 .text.HAL_TIM_PWM_Start
                0x08004930       0xdc CMakeFiles/FOC_Driver.elf.dir/Drivers/STM32F1xx_HAL_Driver/Src/stm32f1xx_hal_tim.c.obj
                0x08004930                HAL_TIM_PWM_Start
 .text.HAL_TIMEx_MasterConfigSynchronization
                0x08004a0c       0x6c CMakeFiles/FOC_Driver.elf.dir/Drivers/STM32F1xx_HAL_Driver/Src/stm32f1xx_hal_tim_ex.c.obj
                0x08004a0c                HAL_TIMEx_MasterConfigSynchronization
 .text.HAL_TIMEx_ConfigBreakDeadTime
                0x08004a78       0x52 CMakeFiles/FOC_Driver.elf.dir/Drivers/STM32F1xx_HAL_Driver/Src/stm32f1xx_hal_tim_ex.c.obj
                0x08004a78                HAL_TIMEx_ConfigBreakDeadTime
 .text.HAL_TIMEx_CommutCallback
                0x08004aca        0x2 CMakeFiles/FOC_Driver.elf.dir/Drivers/STM32F1xx_HAL_Driver/Src/stm32f1xx_hal_tim_ex.c.obj
                0x08004aca                HAL_TIMEx_CommutCallback
 .text.HAL_TIMEx_BreakCallback
                0x08004acc        0x2 CMakeFiles/FOC_Driver.elf.dir/Drivers/STM32F1xx_HAL_Driver/Src/stm32f1xx_hal_tim_ex.c.obj
                0x08004acc                HAL_TIMEx_BreakCallback
 *fill*         0x08004ace        0x2 
 .text.UART_SetConfig
                0x08004ad0       0x94 CMakeFiles/FOC_Driver.elf.dir/Drivers/STM32F1xx_HAL_Driver/Src/stm32f1xx_hal_uart.c.obj
 .text.UART_WaitOnFlagUntilTimeout
                0x08004b64       0x6c CMakeFiles/FOC_Driver.elf.dir/Drivers/STM32F1xx_HAL_Driver/Src/stm32f1xx_hal_uart.c.obj
 .text.HAL_UART_Init
                0x08004bd0       0x5e CMakeFiles/FOC_Driver.elf.dir/Drivers/STM32F1xx_HAL_Driver/Src/stm32f1xx_hal_uart.c.obj
                0x08004bd0                HAL_UART_Init
 .text.HAL_UART_Transmit
                0x08004c2e       0xd8 CMakeFiles/FOC_Driver.elf.dir/Drivers/STM32F1xx_HAL_Driver/Src/stm32f1xx_hal_uart.c.obj
                0x08004c2e                HAL_UART_Transmit
 *fill*         0x08004d06        0x2 
 .text.FOC_init
                0x08004d08       0x20 CMakeFiles/FOC_Driver.elf.dir/FOC/FOC.c.obj
                0x08004d08                FOC_init
 .text.FOC_SVPWM
                0x08004d28      0x204 CMakeFiles/FOC_Driver.elf.dir/FOC/FOC.c.obj
                0x08004d28                FOC_SVPWM
 .text.FOC_get_mechanical_angle
                0x08004f2c       0x1c CMakeFiles/FOC_Driver.elf.dir/FOC/FOC.c.obj
                0x08004f2c                FOC_get_mechanical_angle
 .text.FOC_electrical_angle
                0x08004f48       0x24 CMakeFiles/FOC_Driver.elf.dir/FOC/FOC.c.obj
                0x08004f48                FOC_electrical_angle
 .text.FOC_electrical_angle_calibration
                0x08004f6c       0x38 CMakeFiles/FOC_Driver.elf.dir/FOC/FOC.c.obj
                0x08004f6c                FOC_electrical_angle_calibration
 *fill*         0x08004fa4        0x4 
 .text.FOC_get_velocity
                0x08004fa8       0xa4 CMakeFiles/FOC_Driver.elf.dir/FOC/FOC.c.obj
                0x08004fa8                FOC_get_velocity
 .text.FOC_open_loop_voltage_control_loop
                0x0800504c       0x14 CMakeFiles/FOC_Driver.elf.dir/FOC/FOC.c.obj
                0x0800504c                FOC_open_loop_voltage_control_loop
 .text.FOC_velocity_control_loop
                0x08005060       0x3c CMakeFiles/FOC_Driver.elf.dir/FOC/FOC.c.obj
                0x08005060                FOC_velocity_control_loop
 .text.FOC_position_control_loop
                0x0800509c       0xa0 CMakeFiles/FOC_Driver.elf.dir/FOC/FOC.c.obj
                0x0800509c                FOC_position_control_loop
 .text.FOC_spring_loop
                0x0800513c       0x88 CMakeFiles/FOC_Driver.elf.dir/FOC/FOC.c.obj
                0x0800513c                FOC_spring_loop
 .text.FOC_knob_loop
                0x080051c4       0xdc CMakeFiles/FOC_Driver.elf.dir/FOC/FOC.c.obj
                0x080051c4                FOC_knob_loop
 .text.FOC_lpf_set_parameters
                0x080052a0       0x24 CMakeFiles/FOC_Driver.elf.dir/FOC/FOC_LPF.c.obj
                0x080052a0                FOC_lpf_set_parameters
 .text.FOC_low_pass_filter
                0x080052c4       0x2a CMakeFiles/FOC_Driver.elf.dir/FOC/FOC_LPF.c.obj
                0x080052c4                FOC_low_pass_filter
 *fill*         0x080052ee        0x2 
 .text.pid_set_parameters
                0x080052f0      0x130 CMakeFiles/FOC_Driver.elf.dir/FOC/FOC_PID.c.obj
                0x080052f0                pid_set_parameters
 .text.pid_get_u
                0x08005420       0xd4 CMakeFiles/FOC_Driver.elf.dir/FOC/FOC_PID.c.obj
                0x08005420                pid_get_u
 .text._sin     0x080054f4      0x164 CMakeFiles/FOC_Driver.elf.dir/FOC/FOC_utils.c.obj
                0x080054f4                _sin
 .text._normalizeAngle
                0x08005658       0x3c CMakeFiles/FOC_Driver.elf.dir/FOC/FOC_utils.c.obj
                0x08005658                _normalizeAngle
 .text._sqrtApprox
                0x08005694       0x14 CMakeFiles/FOC_Driver.elf.dir/FOC/FOC_utils.c.obj
                0x08005694                _sqrtApprox
 .text._init3PWM
                0x080056a8       0x38 CMakeFiles/FOC_Driver.elf.dir/FOC/hardware_specific/stm32_mcu.c.obj
                0x080056a8                _init3PWM
 .text._writeDutyCycle3PWM
                0x080056e0       0x5c CMakeFiles/FOC_Driver.elf.dir/FOC/hardware_specific/stm32_mcu.c.obj
                0x080056e0                _writeDutyCycle3PWM
 .text.AS5600_init
                0x0800573c       0x2c CMakeFiles/FOC_Driver.elf.dir/FOC/sensor/AS5600.c.obj
                0x0800573c                AS5600_init
 .text.AS5600_detectMagnet
                0x08005768       0x40 CMakeFiles/FOC_Driver.elf.dir/FOC/sensor/AS5600.c.obj
                0x08005768                AS5600_detectMagnet
 .text.AS5600_ReadSensorRawData
                0x080057a8       0x4c CMakeFiles/FOC_Driver.elf.dir/FOC/sensor/AS5600.c.obj
                0x080057a8                AS5600_ReadSensorRawData
 .text.cs_init  0x080057f4       0x10 CMakeFiles/FOC_Driver.elf.dir/FOC/sensor/current_sense.c.obj
                0x080057f4                cs_init
 .text.gui_draw_line
                0x08005804       0x78 CMakeFiles/FOC_Driver.elf.dir/GUI/gui.c.obj
                0x08005804                gui_draw_line
 .text.gui_draw_init
                0x0800587c       0xcc CMakeFiles/FOC_Driver.elf.dir/GUI/gui.c.obj
                0x0800587c                gui_draw_init
 .text.gui_draw_button
                0x08005948       0x80 CMakeFiles/FOC_Driver.elf.dir/GUI/gui.c.obj
                0x08005948                gui_draw_button
 .text.gui_draw_mode_selection
                0x080059c8       0xd8 CMakeFiles/FOC_Driver.elf.dir/GUI/gui.c.obj
                0x080059c8                gui_draw_mode_selection
 .text.gui_draw_parameter
                0x08005aa0       0xac CMakeFiles/FOC_Driver.elf.dir/GUI/gui.c.obj
                0x08005aa0                gui_draw_parameter
 .text.gui_draw_position_mode
                0x08005b4c       0xd8 CMakeFiles/FOC_Driver.elf.dir/GUI/gui.c.obj
                0x08005b4c                gui_draw_position_mode
 .text.gui_draw_knob_mode
                0x08005c24      0x144 CMakeFiles/FOC_Driver.elf.dir/GUI/gui.c.obj
                0x08005c24                gui_draw_knob_mode
 .text.ST7735_Reset
                0x08005d68       0x24 CMakeFiles/FOC_Driver.elf.dir/GUI/st7735/st7735.c.obj
 .text.ST7735_WriteCommand
                0x08005d8c       0x30 CMakeFiles/FOC_Driver.elf.dir/GUI/st7735/st7735.c.obj
 .text.ST7735_WriteData
                0x08005dbc       0x28 CMakeFiles/FOC_Driver.elf.dir/GUI/st7735/st7735.c.obj
 .text.ST7735_ExecuteCommandList
                0x08005de4       0x4c CMakeFiles/FOC_Driver.elf.dir/GUI/st7735/st7735.c.obj
 .text.ST7735_SetAddressWindow
                0x08005e30       0x58 CMakeFiles/FOC_Driver.elf.dir/GUI/st7735/st7735.c.obj
 .text.ST7735_WriteChar
                0x08005e88       0x98 CMakeFiles/FOC_Driver.elf.dir/GUI/st7735/st7735.c.obj
 .text.ST7735_Init
                0x08005f20       0x28 CMakeFiles/FOC_Driver.elf.dir/GUI/st7735/st7735.c.obj
                0x08005f20                ST7735_Init
 .text.ST7735_DrawPixel
                0x08005f48       0x38 CMakeFiles/FOC_Driver.elf.dir/GUI/st7735/st7735.c.obj
                0x08005f48                ST7735_DrawPixel
 .text.ST7735_WriteString
                0x08005f80       0x6a CMakeFiles/FOC_Driver.elf.dir/GUI/st7735/st7735.c.obj
                0x08005f80                ST7735_WriteString
 *fill*         0x08005fea        0x2 
 .text.ST7735_FillRectangle
                0x08005fec       0x88 CMakeFiles/FOC_Driver.elf.dir/GUI/st7735/st7735.c.obj
                0x08005fec                ST7735_FillRectangle
 .text.ST7735_FillRectangleFast
                0x08006074       0xa0 CMakeFiles/FOC_Driver.elf.dir/GUI/st7735/st7735.c.obj
                0x08006074                ST7735_FillRectangleFast
 .text.ST7735_FillScreen
                0x08006114       0x18 CMakeFiles/FOC_Driver.elf.dir/GUI/st7735/st7735.c.obj
                0x08006114                ST7735_FillScreen
 .text.ST7735_FillScreenFast
                0x0800612c       0x18 CMakeFiles/FOC_Driver.elf.dir/GUI/st7735/st7735.c.obj
                0x0800612c                ST7735_FillScreenFast
 .text.ST7735_DrawImage
                0x08006144       0x44 CMakeFiles/FOC_Driver.elf.dir/GUI/st7735/st7735.c.obj
                0x08006144                ST7735_DrawImage
 .text.makeFreeRtosPriority
                0x08006188        0xc CMakeFiles/FOC_Driver.elf.dir/Middlewares/Third_Party/FreeRTOS/Source/CMSIS_RTOS/cmsis_os.c.obj
 .text.osKernelStart
                0x08006194        0xa CMakeFiles/FOC_Driver.elf.dir/Middlewares/Third_Party/FreeRTOS/Source/CMSIS_RTOS/cmsis_os.c.obj
                0x08006194                osKernelStart
 .text.osThreadCreate
                0x0800619e       0x6a CMakeFiles/FOC_Driver.elf.dir/Middlewares/Third_Party/FreeRTOS/Source/CMSIS_RTOS/cmsis_os.c.obj
                0x0800619e                osThreadCreate
 .text.osDelay  0x08006208        0xe CMakeFiles/FOC_Driver.elf.dir/Middlewares/Third_Party/FreeRTOS/Source/CMSIS_RTOS/cmsis_os.c.obj
                0x08006208                osDelay
 .text.vListInitialise
                0x08006216       0x16 CMakeFiles/FOC_Driver.elf.dir/Middlewares/Third_Party/FreeRTOS/Source/list.c.obj
                0x08006216                vListInitialise
 .text.vListInitialiseItem
                0x0800622c        0x6 CMakeFiles/FOC_Driver.elf.dir/Middlewares/Third_Party/FreeRTOS/Source/list.c.obj
                0x0800622c                vListInitialiseItem
 .text.vListInsertEnd
                0x08006232       0x16 CMakeFiles/FOC_Driver.elf.dir/Middlewares/Third_Party/FreeRTOS/Source/list.c.obj
                0x08006232                vListInsertEnd
 .text.vListInsert
                0x08006248       0x32 CMakeFiles/FOC_Driver.elf.dir/Middlewares/Third_Party/FreeRTOS/Source/list.c.obj
                0x08006248                vListInsert
 .text.uxListRemove
                0x0800627a       0x26 CMakeFiles/FOC_Driver.elf.dir/Middlewares/Third_Party/FreeRTOS/Source/list.c.obj
                0x0800627a                uxListRemove
 .text.prvTaskExitError
                0x080062a0       0x40 CMakeFiles/FOC_Driver.elf.dir/Middlewares/Third_Party/FreeRTOS/Source/portable/GCC/ARM_CM3/port.c.obj
 .text.prvPortStartFirstTask
                0x080062e0       0x20 CMakeFiles/FOC_Driver.elf.dir/Middlewares/Third_Party/FreeRTOS/Source/portable/GCC/ARM_CM3/port.c.obj
 .text.pxPortInitialiseStack
                0x08006300       0x24 CMakeFiles/FOC_Driver.elf.dir/Middlewares/Third_Party/FreeRTOS/Source/portable/GCC/ARM_CM3/port.c.obj
                0x08006300                pxPortInitialiseStack
 *fill*         0x08006324        0xc 
 .text.SVC_Handler
                0x08006330       0x24 CMakeFiles/FOC_Driver.elf.dir/Middlewares/Third_Party/FreeRTOS/Source/portable/GCC/ARM_CM3/port.c.obj
                0x08006330                SVC_Handler
 .text.vPortEnterCritical
                0x08006354       0x44 CMakeFiles/FOC_Driver.elf.dir/Middlewares/Third_Party/FreeRTOS/Source/portable/GCC/ARM_CM3/port.c.obj
                0x08006354                vPortEnterCritical
 .text.vPortExitCritical
                0x08006398       0x2c CMakeFiles/FOC_Driver.elf.dir/Middlewares/Third_Party/FreeRTOS/Source/portable/GCC/ARM_CM3/port.c.obj
                0x08006398                vPortExitCritical
 *fill*         0x080063c4        0xc 
 .text.PendSV_Handler
                0x080063d0       0x44 CMakeFiles/FOC_Driver.elf.dir/Middlewares/Third_Party/FreeRTOS/Source/portable/GCC/ARM_CM3/port.c.obj
                0x080063d0                PendSV_Handler
 .text.SysTick_Handler
                0x08006414       0x2c CMakeFiles/FOC_Driver.elf.dir/Middlewares/Third_Party/FreeRTOS/Source/portable/GCC/ARM_CM3/port.c.obj
                0x08006414                SysTick_Handler
 .text.vPortSetupTimerInterrupt
                0x08006440       0x28 CMakeFiles/FOC_Driver.elf.dir/Middlewares/Third_Party/FreeRTOS/Source/portable/GCC/ARM_CM3/port.c.obj
                0x08006440                vPortSetupTimerInterrupt
 .text.xPortStartScheduler
                0x08006468       0xc0 CMakeFiles/FOC_Driver.elf.dir/Middlewares/Third_Party/FreeRTOS/Source/portable/GCC/ARM_CM3/port.c.obj
                0x08006468                xPortStartScheduler
 .text.prvHeapInit
                0x08006528       0x68 CMakeFiles/FOC_Driver.elf.dir/Middlewares/Third_Party/FreeRTOS/Source/portable/MemMang/heap_4.c.obj
 .text.prvInsertBlockIntoFreeList
                0x08006590       0x60 CMakeFiles/FOC_Driver.elf.dir/Middlewares/Third_Party/FreeRTOS/Source/portable/MemMang/heap_4.c.obj
 .text.pvPortMalloc
                0x080065f0       0xf0 CMakeFiles/FOC_Driver.elf.dir/Middlewares/Third_Party/FreeRTOS/Source/portable/MemMang/heap_4.c.obj
                0x080065f0                pvPortMalloc
 .text.vPortFree
                0x080066e0       0x70 CMakeFiles/FOC_Driver.elf.dir/Middlewares/Third_Party/FreeRTOS/Source/portable/MemMang/heap_4.c.obj
                0x080066e0                vPortFree
 .text.prvTaskIsTaskSuspended
                0x08006750       0x40 CMakeFiles/FOC_Driver.elf.dir/Middlewares/Third_Party/FreeRTOS/Source/tasks.c.obj
 .text.prvResetNextTaskUnblockTime
                0x08006790       0x2c CMakeFiles/FOC_Driver.elf.dir/Middlewares/Third_Party/FreeRTOS/Source/tasks.c.obj
 .text.prvInitialiseNewTask
                0x080067bc       0xf0 CMakeFiles/FOC_Driver.elf.dir/Middlewares/Third_Party/FreeRTOS/Source/tasks.c.obj
 .text.prvInitialiseTaskLists
                0x080068ac       0x68 CMakeFiles/FOC_Driver.elf.dir/Middlewares/Third_Party/FreeRTOS/Source/tasks.c.obj
 .text.prvAddNewTaskToReadyList
                0x08006914       0xa8 CMakeFiles/FOC_Driver.elf.dir/Middlewares/Third_Party/FreeRTOS/Source/tasks.c.obj
 .text.prvDeleteTCB
                0x080069bc       0x40 CMakeFiles/FOC_Driver.elf.dir/Middlewares/Third_Party/FreeRTOS/Source/tasks.c.obj
 .text.prvCheckTasksWaitingTermination
                0x080069fc       0x4c CMakeFiles/FOC_Driver.elf.dir/Middlewares/Third_Party/FreeRTOS/Source/tasks.c.obj
 .text.prvIdleTask
                0x08006a48       0x28 CMakeFiles/FOC_Driver.elf.dir/Middlewares/Third_Party/FreeRTOS/Source/tasks.c.obj
 .text.prvAddCurrentTaskToDelayedList
                0x08006a70       0x98 CMakeFiles/FOC_Driver.elf.dir/Middlewares/Third_Party/FreeRTOS/Source/tasks.c.obj
 .text.xTaskCreateStatic
                0x08006b08       0x78 CMakeFiles/FOC_Driver.elf.dir/Middlewares/Third_Party/FreeRTOS/Source/tasks.c.obj
                0x08006b08                xTaskCreateStatic
 .text.xTaskCreate
                0x08006b80       0x6a CMakeFiles/FOC_Driver.elf.dir/Middlewares/Third_Party/FreeRTOS/Source/tasks.c.obj
                0x08006b80                xTaskCreate
 *fill*         0x08006bea        0x2 
 .text.vTaskResume
                0x08006bec       0x88 CMakeFiles/FOC_Driver.elf.dir/Middlewares/Third_Party/FreeRTOS/Source/tasks.c.obj
                0x08006bec                vTaskResume
 .text.vTaskStartScheduler
                0x08006c74       0x84 CMakeFiles/FOC_Driver.elf.dir/Middlewares/Third_Party/FreeRTOS/Source/tasks.c.obj
                0x08006c74                vTaskStartScheduler
 .text.vTaskSuspendAll
                0x08006cf8       0x10 CMakeFiles/FOC_Driver.elf.dir/Middlewares/Third_Party/FreeRTOS/Source/tasks.c.obj
                0x08006cf8                vTaskSuspendAll
 .text.xTaskGetTickCount
                0x08006d08        0xc CMakeFiles/FOC_Driver.elf.dir/Middlewares/Third_Party/FreeRTOS/Source/tasks.c.obj
                0x08006d08                xTaskGetTickCount
 .text.xTaskIncrementTick
                0x08006d14      0x118 CMakeFiles/FOC_Driver.elf.dir/Middlewares/Third_Party/FreeRTOS/Source/tasks.c.obj
                0x08006d14                xTaskIncrementTick
 .text.xTaskResumeAll
                0x08006e2c       0xf8 CMakeFiles/FOC_Driver.elf.dir/Middlewares/Third_Party/FreeRTOS/Source/tasks.c.obj
                0x08006e2c                xTaskResumeAll
 .text.vTaskDelayUntil
                0x08006f24       0xa4 CMakeFiles/FOC_Driver.elf.dir/Middlewares/Third_Party/FreeRTOS/Source/tasks.c.obj
                0x08006f24                vTaskDelayUntil
 .text.vTaskDelay
                0x08006fc8       0x4c CMakeFiles/FOC_Driver.elf.dir/Middlewares/Third_Party/FreeRTOS/Source/tasks.c.obj
                0x08006fc8                vTaskDelay
 .text.vTaskSwitchContext
                0x08007014       0xa4 CMakeFiles/FOC_Driver.elf.dir/Middlewares/Third_Party/FreeRTOS/Source/tasks.c.obj
                0x08007014                vTaskSwitchContext
 .text.vTaskSuspend
                0x080070b8       0xe8 CMakeFiles/FOC_Driver.elf.dir/Middlewares/Third_Party/FreeRTOS/Source/tasks.c.obj
                0x080070b8                vTaskSuspend
 .text.__errno  0x080071a0        0xc c:/gcc-arm-none-eabi-10.3-2021.10/bin/../lib/gcc/arm-none-eabi/10.3.1/../../../../arm-none-eabi/lib/thumb/v7-m/nofp\libg.a(lib_a-errno.o)
                0x080071a0                __errno
 .text.__libc_init_array
                0x080071ac       0x48 c:/gcc-arm-none-eabi-10.3-2021.10/bin/../lib/gcc/arm-none-eabi/10.3.1/../../../../arm-none-eabi/lib/thumb/v7-m/nofp\libg.a(lib_a-init.o)
                0x080071ac                __libc_init_array
 .text.itoa     0x080071f4       0x30 c:/gcc-arm-none-eabi-10.3-2021.10/bin/../lib/gcc/arm-none-eabi/10.3.1/../../../../arm-none-eabi/lib/thumb/v7-m/nofp\libg.a(lib_a-itoa.o)
                0x080071f4                itoa
 .text.malloc   0x08007224       0x10 c:/gcc-arm-none-eabi-10.3-2021.10/bin/../lib/gcc/arm-none-eabi/10.3.1/../../../../arm-none-eabi/lib/thumb/v7-m/nofp\libg.a(lib_a-malloc.o)
                0x08007224                malloc
 .text.free     0x08007234       0x10 c:/gcc-arm-none-eabi-10.3-2021.10/bin/../lib/gcc/arm-none-eabi/10.3.1/../../../../arm-none-eabi/lib/thumb/v7-m/nofp\libg.a(lib_a-malloc.o)
                0x08007234                free
 .text._malloc_r
                0x08007244      0x558 c:/gcc-arm-none-eabi-10.3-2021.10/bin/../lib/gcc/arm-none-eabi/10.3.1/../../../../arm-none-eabi/lib/thumb/v7-m/nofp\libg.a(lib_a-mallocr.o)
                0x08007244                _malloc_r
 .text.memset   0x0800779c       0xa4 c:/gcc-arm-none-eabi-10.3-2021.10/bin/../lib/gcc/arm-none-eabi/10.3.1/../../../../arm-none-eabi/lib/thumb/v7-m/nofp\libg.a(lib_a-memset.o)
                0x0800779c                memset
 .text.__malloc_lock
                0x08007840        0xc c:/gcc-arm-none-eabi-10.3-2021.10/bin/../lib/gcc/arm-none-eabi/10.3.1/../../../../arm-none-eabi/lib/thumb/v7-m/nofp\libg.a(lib_a-mlock.o)
                0x08007840                __malloc_lock
 .text.__malloc_unlock
                0x0800784c        0xc c:/gcc-arm-none-eabi-10.3-2021.10/bin/../lib/gcc/arm-none-eabi/10.3.1/../../../../arm-none-eabi/lib/thumb/v7-m/nofp\libg.a(lib_a-mlock.o)
                0x0800784c                __malloc_unlock
 .text.cleanup_glue
                0x08007858       0x48 c:/gcc-arm-none-eabi-10.3-2021.10/bin/../lib/gcc/arm-none-eabi/10.3.1/../../../../arm-none-eabi/lib/thumb/v7-m/nofp\libg.a(lib_a-reent.o)
                0x08007858                cleanup_glue
 .text._reclaim_reent
                0x080078a0       0x90 c:/gcc-arm-none-eabi-10.3-2021.10/bin/../lib/gcc/arm-none-eabi/10.3.1/../../../../arm-none-eabi/lib/thumb/v7-m/nofp\libg.a(lib_a-reent.o)
                0x080078a0                _reclaim_reent
 .text._sbrk_r  0x08007930       0x24 c:/gcc-arm-none-eabi-10.3-2021.10/bin/../lib/gcc/arm-none-eabi/10.3.1/../../../../arm-none-eabi/lib/thumb/v7-m/nofp\libg.a(lib_a-sbrkr.o)
                0x08007930                _sbrk_r
 .text.strcat   0x08007954       0x40 c:/gcc-arm-none-eabi-10.3-2021.10/bin/../lib/gcc/arm-none-eabi/10.3.1/../../../../arm-none-eabi/lib/thumb/v7-m/nofp\libg.a(lib_a-strcat.o)
                0x08007954                strcat
 .text.strcpy   0x08007994       0xbc c:/gcc-arm-none-eabi-10.3-2021.10/bin/../lib/gcc/arm-none-eabi/10.3.1/../../../../arm-none-eabi/lib/thumb/v7-m/nofp\libg.a(lib_a-strcpy.o)
                0x08007994                strcpy
 .text.strlen   0x08007a50       0x5c c:/gcc-arm-none-eabi-10.3-2021.10/bin/../lib/gcc/arm-none-eabi/10.3.1/../../../../arm-none-eabi/lib/thumb/v7-m/nofp\libg.a(lib_a-strlen-stub.o)
                0x08007a50                strlen
 .text.__utoa   0x08007aac       0x9c c:/gcc-arm-none-eabi-10.3-2021.10/bin/../lib/gcc/arm-none-eabi/10.3.1/../../../../arm-none-eabi/lib/thumb/v7-m/nofp\libg.a(lib_a-utoa.o)
                0x08007aac                __utoa
 .text.startup.register_fini
                0x08007b48       0x14 c:/gcc-arm-none-eabi-10.3-2021.10/bin/../lib/gcc/arm-none-eabi/10.3.1/../../../../arm-none-eabi/lib/thumb/v7-m/nofp\libg.a(lib_a-__call_atexit.o)
 .text.atexit   0x08007b5c        0xc c:/gcc-arm-none-eabi-10.3-2021.10/bin/../lib/gcc/arm-none-eabi/10.3.1/../../../../arm-none-eabi/lib/thumb/v7-m/nofp\libg.a(lib_a-atexit.o)
                0x08007b5c                atexit
 .text.__libc_fini_array
                0x08007b68       0x2c c:/gcc-arm-none-eabi-10.3-2021.10/bin/../lib/gcc/arm-none-eabi/10.3.1/../../../../arm-none-eabi/lib/thumb/v7-m/nofp\libg.a(lib_a-fini.o)
                0x08007b68                __libc_fini_array
 .text._malloc_trim_r
                0x08007b94       0xa0 c:/gcc-arm-none-eabi-10.3-2021.10/bin/../lib/gcc/arm-none-eabi/10.3.1/../../../../arm-none-eabi/lib/thumb/v7-m/nofp\libg.a(lib_a-freer.o)
                0x08007b94                _malloc_trim_r
 .text._free_r  0x08007c34      0x200 c:/gcc-arm-none-eabi-10.3-2021.10/bin/../lib/gcc/arm-none-eabi/10.3.1/../../../../arm-none-eabi/lib/thumb/v7-m/nofp\libg.a(lib_a-freer.o)
                0x08007c34                _free_r
 .text.__retarget_lock_acquire_recursive
                0x08007e34        0x4 c:/gcc-arm-none-eabi-10.3-2021.10/bin/../lib/gcc/arm-none-eabi/10.3.1/../../../../arm-none-eabi/lib/thumb/v7-m/nofp\libg.a(lib_a-lock.o)
                0x08007e34                __retarget_lock_acquire_recursive
 .text.__retarget_lock_release_recursive
                0x08007e38        0x4 c:/gcc-arm-none-eabi-10.3-2021.10/bin/../lib/gcc/arm-none-eabi/10.3.1/../../../../arm-none-eabi/lib/thumb/v7-m/nofp\libg.a(lib_a-lock.o)
                0x08007e38                __retarget_lock_release_recursive
 .text.__register_exitproc
                0x08007e3c       0x8c c:/gcc-arm-none-eabi-10.3-2021.10/bin/../lib/gcc/arm-none-eabi/10.3.1/../../../../arm-none-eabi/lib/thumb/v7-m/nofp\libg.a(lib_a-__atexit.o)
                0x08007e3c                __register_exitproc
 .text.floor    0x08007ec8       0xf8 c:/gcc-arm-none-eabi-10.3-2021.10/bin/../lib/gcc/arm-none-eabi/10.3.1/../../../../arm-none-eabi/lib/thumb/v7-m/nofp\libm.a(lib_a-s_floor.o)
                0x08007ec8                floor
 .text.atan2    0x08007fc0        0x4 c:/gcc-arm-none-eabi-10.3-2021.10/bin/../lib/gcc/arm-none-eabi/10.3.1/../../../../arm-none-eabi/lib/thumb/v7-m/nofp\libm.a(lib_a-w_atan2.o)
                0x08007fc0                atan2
 .text.fmod     0x08007fc4       0x58 c:/gcc-arm-none-eabi-10.3-2021.10/bin/../lib/gcc/arm-none-eabi/10.3.1/../../../../arm-none-eabi/lib/thumb/v7-m/nofp\libm.a(lib_a-w_fmod.o)
                0x08007fc4                fmod
 *fill*         0x0800801c        0x4 
 .text.__ieee754_atan2
                0x08008020      0x194 c:/gcc-arm-none-eabi-10.3-2021.10/bin/../lib/gcc/arm-none-eabi/10.3.1/../../../../arm-none-eabi/lib/thumb/v7-m/nofp\libm.a(lib_a-e_atan2.o)
                0x08008020                __ieee754_atan2
 .text.__ieee754_fmod
                0x080081b4      0x294 c:/gcc-arm-none-eabi-10.3-2021.10/bin/../lib/gcc/arm-none-eabi/10.3.1/../../../../arm-none-eabi/lib/thumb/v7-m/nofp\libm.a(lib_a-e_fmod.o)
                0x080081b4                __ieee754_fmod
 .text.atan     0x08008448      0x31c c:/gcc-arm-none-eabi-10.3-2021.10/bin/../lib/gcc/arm-none-eabi/10.3.1/../../../../arm-none-eabi/lib/thumb/v7-m/nofp\libm.a(lib_a-s_atan.o)
                0x08008448                atan
 .text.fabs     0x08008764        0x8 c:/gcc-arm-none-eabi-10.3-2021.10/bin/../lib/gcc/arm-none-eabi/10.3.1/../../../../arm-none-eabi/lib/thumb/v7-m/nofp\libm.a(lib_a-s_fabs.o)
                0x08008764                fabs
 *(.glue_7)
 .glue_7        0x0800876c        0x0 linker stubs
 *(.glue_7t)
 .glue_7t       0x0800876c        0x0 linker stubs
 *(.eh_frame)
 .eh_frame      0x0800876c        0x0 c:/gcc-arm-none-eabi-10.3-2021.10/bin/../lib/gcc/arm-none-eabi/10.3.1/thumb/v7-m/nofp/crtbegin.o
 *(.init)
 .init          0x0800876c        0x4 c:/gcc-arm-none-eabi-10.3-2021.10/bin/../lib/gcc/arm-none-eabi/10.3.1/thumb/v7-m/nofp/crti.o
                0x0800876c                _init
 .init          0x08008770        0x8 c:/gcc-arm-none-eabi-10.3-2021.10/bin/../lib/gcc/arm-none-eabi/10.3.1/thumb/v7-m/nofp/crtn.o
 *(.fini)
 .fini          0x08008778        0x4 c:/gcc-arm-none-eabi-10.3-2021.10/bin/../lib/gcc/arm-none-eabi/10.3.1/thumb/v7-m/nofp/crti.o
                0x08008778                _fini
 .fini          0x0800877c        0x8 c:/gcc-arm-none-eabi-10.3-2021.10/bin/../lib/gcc/arm-none-eabi/10.3.1/thumb/v7-m/nofp/crtn.o
                0x08008784                . = ALIGN (0x4)
                0x08008784                _etext = .

.vfp11_veneer   0x08008784        0x0
 .vfp11_veneer  0x08008784        0x0 linker stubs

.v4_bx          0x08008784        0x0
 .v4_bx         0x08008784        0x0 linker stubs

.iplt           0x08008784        0x0
 .iplt          0x08008784        0x0 c:/gcc-arm-none-eabi-10.3-2021.10/bin/../lib/gcc/arm-none-eabi/10.3.1/thumb/v7-m/nofp/crtbegin.o

.rodata         0x08008788     0x6058
                0x08008788                . = ALIGN (0x4)
 *(.rodata)
 .rodata        0x08008788       0x1c CMakeFiles/FOC_Driver.elf.dir/Core/Src/freertos.c.obj
 *(.rodata*)
 .rodata.str1.4
                0x080087a4        0xc CMakeFiles/FOC_Driver.elf.dir/Core/Src/freertos.c.obj
 .rodata.MX_FREERTOS_Init.str1.4
                0x080087b0       0x3f CMakeFiles/FOC_Driver.elf.dir/Core/Src/freertos.c.obj
 *fill*         0x080087ef        0x1 
 .rodata.KnobTask.str1.4
                0x080087f0        0x4 CMakeFiles/FOC_Driver.elf.dir/Core/Src/freertos.c.obj
 .rodata.main.str1.4
                0x080087f4       0x20 CMakeFiles/FOC_Driver.elf.dir/Core/Src/main.c.obj
 .rodata.AHBPrescTable
                0x08008814       0x10 CMakeFiles/FOC_Driver.elf.dir/Core/Src/system_stm32f1xx.c.obj
                0x08008814                AHBPrescTable
 .rodata.APBPrescTable
                0x08008824        0x8 CMakeFiles/FOC_Driver.elf.dir/Core/Src/system_stm32f1xx.c.obj
                0x08008824                APBPrescTable
 .rodata.HAL_RCC_GetSysClockFreq.str1.4
                0x0800882c       0x11 CMakeFiles/FOC_Driver.elf.dir/Drivers/STM32F1xx_HAL_Driver/Src/stm32f1xx_hal_rcc.c.obj
 .rodata.HAL_RCCEx_GetPeriphCLKFreq.str1.4
                0x0800883d       0x11 CMakeFiles/FOC_Driver.elf.dir/Drivers/STM32F1xx_HAL_Driver/Src/stm32f1xx_hal_rcc_ex.c.obj
 *fill*         0x0800883d        0x3 
 .rodata.sine_array
                0x08008840      0x320 CMakeFiles/FOC_Driver.elf.dir/FOC/FOC_utils.c.obj
                0x08008840                sine_array
 .rodata.gui_draw_init.str1.4
                0x08008b60        0xb CMakeFiles/FOC_Driver.elf.dir/GUI/gui.c.obj
 *fill*         0x08008b6b        0x1 
 .rodata.gui_draw_mode_selection.str1.4
                0x08008b6c       0x1b CMakeFiles/FOC_Driver.elf.dir/GUI/gui.c.obj
 *fill*         0x08008b87        0x1 
 .rodata.gui_draw_parameter.str1.4
                0x08008b88        0x2 CMakeFiles/FOC_Driver.elf.dir/GUI/gui.c.obj
 *fill*         0x08008b8a        0x2 
 .rodata.gui_draw_position_mode.str1.4
                0x08008b8c       0x1a CMakeFiles/FOC_Driver.elf.dir/GUI/gui.c.obj
 *fill*         0x08008ba6        0x2 
 .rodata.gui_draw_knob_mode.str1.4
                0x08008ba8        0xa CMakeFiles/FOC_Driver.elf.dir/GUI/gui.c.obj
 *fill*         0x08008bb2        0x2 
 .rodata.foc_mode_name
                0x08008bb4       0xc8 CMakeFiles/FOC_Driver.elf.dir/GUI/gui.c.obj
                0x08008bb4                foc_mode_name
 .rodata.param_name.0
                0x08008c7c       0x1e CMakeFiles/FOC_Driver.elf.dir/GUI/gui.c.obj
 *fill*         0x08008c9a        0x2 
 .rodata.Font11x18
                0x08008c9c      0xd5c CMakeFiles/FOC_Driver.elf.dir/GUI/st7735/fonts.c.obj
 .rodata.Font16x26
                0x080099f8     0x134c CMakeFiles/FOC_Driver.elf.dir/GUI/st7735/fonts.c.obj
 .rodata.Font7x10
                0x0800ad44      0x76c CMakeFiles/FOC_Driver.elf.dir/GUI/st7735/fonts.c.obj
 .rodata.head_portrait_80x80
                0x0800b4b0     0x3200 CMakeFiles/FOC_Driver.elf.dir/GUI/st7735/image.c.obj
                0x0800b4b0                head_portrait_80x80
 .rodata.init_cmds1
                0x0800e6b0       0x3b CMakeFiles/FOC_Driver.elf.dir/GUI/st7735/st7735.c.obj
 *fill*         0x0800e6eb        0x1 
 .rodata.init_cmds2
                0x0800e6ec        0xf CMakeFiles/FOC_Driver.elf.dir/GUI/st7735/st7735.c.obj
 *fill*         0x0800e6fb        0x1 
 .rodata.init_cmds3
                0x0800e6fc       0x2b CMakeFiles/FOC_Driver.elf.dir/GUI/st7735/st7735.c.obj
 *fill*         0x0800e727        0x1 
 .rodata.vTaskStartScheduler.str1.4
                0x0800e728        0x5 CMakeFiles/FOC_Driver.elf.dir/Middlewares/Third_Party/FreeRTOS/Source/tasks.c.obj
 *fill*         0x0800e72d        0x3 
 .rodata._global_impure_ptr
                0x0800e730        0x4 c:/gcc-arm-none-eabi-10.3-2021.10/bin/../lib/gcc/arm-none-eabi/10.3.1/../../../../arm-none-eabi/lib/thumb/v7-m/nofp\libg.a(lib_a-impure.o)
                0x0800e730                _global_impure_ptr
 .rodata.__utoa.str1.4
                0x0800e734       0x25 c:/gcc-arm-none-eabi-10.3-2021.10/bin/../lib/gcc/arm-none-eabi/10.3.1/../../../../arm-none-eabi/lib/thumb/v7-m/nofp\libg.a(lib_a-utoa.o)
 *fill*         0x0800e759        0x7 
 .rodata.CSWTCH.8
                0x0800e760       0x18 c:/gcc-arm-none-eabi-10.3-2021.10/bin/../lib/gcc/arm-none-eabi/10.3.1/../../../../arm-none-eabi/lib/thumb/v7-m/nofp\libm.a(lib_a-e_atan2.o)
 .rodata.CSWTCH.9
                0x0800e778       0x18 c:/gcc-arm-none-eabi-10.3-2021.10/bin/../lib/gcc/arm-none-eabi/10.3.1/../../../../arm-none-eabi/lib/thumb/v7-m/nofp\libm.a(lib_a-e_atan2.o)
 .rodata.Zero   0x0800e790       0x10 c:/gcc-arm-none-eabi-10.3-2021.10/bin/../lib/gcc/arm-none-eabi/10.3.1/../../../../arm-none-eabi/lib/thumb/v7-m/nofp\libm.a(lib_a-e_fmod.o)
 .rodata.atanhi
                0x0800e7a0       0x20 c:/gcc-arm-none-eabi-10.3-2021.10/bin/../lib/gcc/arm-none-eabi/10.3.1/../../../../arm-none-eabi/lib/thumb/v7-m/nofp\libm.a(lib_a-s_atan.o)
 .rodata.atanlo
                0x0800e7c0       0x20 c:/gcc-arm-none-eabi-10.3-2021.10/bin/../lib/gcc/arm-none-eabi/10.3.1/../../../../arm-none-eabi/lib/thumb/v7-m/nofp\libm.a(lib_a-s_atan.o)
                0x0800e7e0                . = ALIGN (0x4)

.rel.dyn        0x0800e7e0        0x0
 .rel.iplt      0x0800e7e0        0x0 c:/gcc-arm-none-eabi-10.3-2021.10/bin/../lib/gcc/arm-none-eabi/10.3.1/thumb/v7-m/nofp/crtbegin.o

.ARM.extab      0x0800e7e0        0x0
                0x0800e7e0                . = ALIGN (0x4)
 *(.ARM.extab* .gnu.linkonce.armextab.*)
                0x0800e7e0                . = ALIGN (0x4)

.ARM            0x0800e7e0        0x0
                0x0800e7e0                . = ALIGN (0x4)
                0x0800e7e0                __exidx_start = .
 *(.ARM.exidx*)
                0x0800e7e0                __exidx_end = .
                0x0800e7e0                . = ALIGN (0x4)

.preinit_array  0x0800e7e0        0x0
                0x0800e7e0                . = ALIGN (0x4)
                0x0800e7e0                PROVIDE (__preinit_array_start = .)
 *(.preinit_array*)
                0x0800e7e0                PROVIDE (__preinit_array_end = .)
                0x0800e7e0                . = ALIGN (0x4)

.init_array     0x0800e7e0        0x8
                0x0800e7e0                . = ALIGN (0x4)
                0x0800e7e0                PROVIDE (__init_array_start = .)
 *(SORT_BY_NAME(.init_array.*))
 .init_array.00000
                0x0800e7e0        0x4 c:/gcc-arm-none-eabi-10.3-2021.10/bin/../lib/gcc/arm-none-eabi/10.3.1/../../../../arm-none-eabi/lib/thumb/v7-m/nofp\libg.a(lib_a-__call_atexit.o)
 *(.init_array*)
 .init_array    0x0800e7e4        0x4 c:/gcc-arm-none-eabi-10.3-2021.10/bin/../lib/gcc/arm-none-eabi/10.3.1/thumb/v7-m/nofp/crtbegin.o
                0x0800e7e8                PROVIDE (__init_array_end = .)
                0x0800e7e8                . = ALIGN (0x4)

.fini_array     0x0800e7e8        0x4
                0x0800e7e8                . = ALIGN (0x4)
                0x0800e7e8                PROVIDE (__fini_array_start = .)
 *(SORT_BY_NAME(.fini_array.*))
 *(.fini_array*)
 .fini_array    0x0800e7e8        0x4 c:/gcc-arm-none-eabi-10.3-2021.10/bin/../lib/gcc/arm-none-eabi/10.3.1/thumb/v7-m/nofp/crtbegin.o
                0x0800e7ec                PROVIDE (__fini_array_end = .)
                0x0800e7ec                . = ALIGN (0x4)
                0x0800e7ec                _sidata = LOADADDR (.data)

.data           0x20000000      0x874 load address 0x0800e7ec
                0x20000000                . = ALIGN (0x4)
                0x20000000                _sdata = .
 *(.data)
 *(.data*)
 .data.SystemCoreClock
                0x20000000        0x4 CMakeFiles/FOC_Driver.elf.dir/Core/Src/system_stm32f1xx.c.obj
                0x20000000                SystemCoreClock
 .data.uwTickFreq
                0x20000004        0x1 CMakeFiles/FOC_Driver.elf.dir/Drivers/STM32F1xx_HAL_Driver/Src/stm32f1xx_hal.c.obj
                0x20000004                uwTickFreq
 *fill*         0x20000005        0x3 
 .data.uwTickPrio
                0x20000008        0x4 CMakeFiles/FOC_Driver.elf.dir/Drivers/STM32F1xx_HAL_Driver/Src/stm32f1xx_hal.c.obj
                0x20000008                uwTickPrio
 .data.zero_electrical_angle
                0x2000000c        0x4 CMakeFiles/FOC_Driver.elf.dir/FOC/FOC.c.obj
                0x2000000c                zero_electrical_angle
 .data.zero_mechanical_angle
                0x20000010        0x4 CMakeFiles/FOC_Driver.elf.dir/FOC/FOC.c.obj
                0x20000010                zero_mechanical_angle
 .data.Font_11x18
                0x20000014        0x8 CMakeFiles/FOC_Driver.elf.dir/GUI/st7735/fonts.c.obj
                0x20000014                Font_11x18
 .data.Font_16x26
                0x2000001c        0x8 CMakeFiles/FOC_Driver.elf.dir/GUI/st7735/fonts.c.obj
                0x2000001c                Font_16x26
 .data.Font_7x10
                0x20000024        0x8 CMakeFiles/FOC_Driver.elf.dir/GUI/st7735/fonts.c.obj
                0x20000024                Font_7x10
 .data.uxCriticalNesting
                0x2000002c        0x4 CMakeFiles/FOC_Driver.elf.dir/Middlewares/Third_Party/FreeRTOS/Source/portable/GCC/ARM_CM3/port.c.obj
 .data._impure_ptr
                0x20000030        0x4 c:/gcc-arm-none-eabi-10.3-2021.10/bin/../lib/gcc/arm-none-eabi/10.3.1/../../../../arm-none-eabi/lib/thumb/v7-m/nofp\libg.a(lib_a-impure.o)
                0x20000030                _impure_ptr
 *fill*         0x20000034        0x4 
 .data.impure_data
                0x20000038      0x428 c:/gcc-arm-none-eabi-10.3-2021.10/bin/../lib/gcc/arm-none-eabi/10.3.1/../../../../arm-none-eabi/lib/thumb/v7-m/nofp\libg.a(lib_a-impure.o)
 .data.__malloc_av_
                0x20000460      0x408 c:/gcc-arm-none-eabi-10.3-2021.10/bin/../lib/gcc/arm-none-eabi/10.3.1/../../../../arm-none-eabi/lib/thumb/v7-m/nofp\libg.a(lib_a-mallocr.o)
                0x20000460                __malloc_av_
 .data.__malloc_sbrk_base
                0x20000868        0x4 c:/gcc-arm-none-eabi-10.3-2021.10/bin/../lib/gcc/arm-none-eabi/10.3.1/../../../../arm-none-eabi/lib/thumb/v7-m/nofp\libg.a(lib_a-mallocr.o)
                0x20000868                __malloc_sbrk_base
 .data.__malloc_trim_threshold
                0x2000086c        0x4 c:/gcc-arm-none-eabi-10.3-2021.10/bin/../lib/gcc/arm-none-eabi/10.3.1/../../../../arm-none-eabi/lib/thumb/v7-m/nofp\libg.a(lib_a-mallocr.o)
                0x2000086c                __malloc_trim_threshold
 .data.__atexit_recursive_mutex
                0x20000870        0x4 c:/gcc-arm-none-eabi-10.3-2021.10/bin/../lib/gcc/arm-none-eabi/10.3.1/../../../../arm-none-eabi/lib/thumb/v7-m/nofp\libg.a(lib_a-__call_atexit.o)
                0x20000870                __atexit_recursive_mutex
 *(.RamFunc)
 *(.RamFunc*)
                0x20000874                . = ALIGN (0x4)
                0x20000874                _edata = .

.igot.plt       0x20000874        0x0 load address 0x0800f060
 .igot.plt      0x20000874        0x0 c:/gcc-arm-none-eabi-10.3-2021.10/bin/../lib/gcc/arm-none-eabi/10.3.1/thumb/v7-m/nofp/crtbegin.o
                0x20000874                . = ALIGN (0x4)

.bss            0x20000878     0x4128 load address 0x0800f060
                0x20000878                _sbss = .
                0x20000878                __bss_start__ = _sbss
 *(.bss)
 .bss           0x20000878       0x1c c:/gcc-arm-none-eabi-10.3-2021.10/bin/../lib/gcc/arm-none-eabi/10.3.1/thumb/v7-m/nofp/crtbegin.o
 *(.bss*)
 .bss.button_cancel_press_pending_flag
                0x20000894        0x1 CMakeFiles/FOC_Driver.elf.dir/BSP/bsp_button.c.obj
                0x20000894                button_cancel_press_pending_flag
 .bss.button_confirm_press_pending_flag
                0x20000895        0x1 CMakeFiles/FOC_Driver.elf.dir/BSP/bsp_button.c.obj
                0x20000895                button_confirm_press_pending_flag
 .bss.button_left_press_pending_flag
                0x20000896        0x1 CMakeFiles/FOC_Driver.elf.dir/BSP/bsp_button.c.obj
                0x20000896                button_left_press_pending_flag
 .bss.button_press_pending_flag
                0x20000897        0x1 CMakeFiles/FOC_Driver.elf.dir/BSP/bsp_button.c.obj
                0x20000897                button_press_pending_flag
 .bss.button_right_press_pending_flag
                0x20000898        0x1 CMakeFiles/FOC_Driver.elf.dir/BSP/bsp_button.c.obj
                0x20000898                button_right_press_pending_flag
 *fill*         0x20000899        0x3 
 .bss.hadc1     0x2000089c       0x30 CMakeFiles/FOC_Driver.elf.dir/Core/Src/adc.c.obj
                0x2000089c                hadc1
 .bss.hcan      0x200008cc       0x28 CMakeFiles/FOC_Driver.elf.dir/Core/Src/can.c.obj
                0x200008cc                hcan
 .bss.defaultTaskHandle
                0x200008f4        0x4 CMakeFiles/FOC_Driver.elf.dir/Core/Src/freertos.c.obj
                0x200008f4                defaultTaskHandle
 .bss.knobTaskHandle
                0x200008f8        0x4 CMakeFiles/FOC_Driver.elf.dir/Core/Src/freertos.c.obj
 .bss.openLoopPosControlTaskHandle
                0x200008fc        0x4 CMakeFiles/FOC_Driver.elf.dir/Core/Src/freertos.c.obj
 .bss.openLoopVelControlTaskHandle
                0x20000900        0x4 CMakeFiles/FOC_Driver.elf.dir/Core/Src/freertos.c.obj
 .bss.positionControlTaskHandle
                0x20000904        0x4 CMakeFiles/FOC_Driver.elf.dir/Core/Src/freertos.c.obj
 .bss.springTaskHandle
                0x20000908        0x4 CMakeFiles/FOC_Driver.elf.dir/Core/Src/freertos.c.obj
 .bss.spring_pid
                0x2000090c        0x4 CMakeFiles/FOC_Driver.elf.dir/Core/Src/freertos.c.obj
                0x2000090c                spring_pid
 .bss.taskSelectTaskHandle
                0x20000910        0x4 CMakeFiles/FOC_Driver.elf.dir/Core/Src/freertos.c.obj
 .bss.torqueControlTaskHandle
                0x20000914        0x4 CMakeFiles/FOC_Driver.elf.dir/Core/Src/freertos.c.obj
 .bss.velocityControlTaskHandle
                0x20000918        0x4 CMakeFiles/FOC_Driver.elf.dir/Core/Src/freertos.c.obj
 .bss.xIdleStack
                0x2000091c      0x100 CMakeFiles/FOC_Driver.elf.dir/Core/Src/freertos.c.obj
 *fill*         0x20000a1c        0x4 
 .bss.xIdleTaskTCBBuffer
                0x20000a20      0x480 CMakeFiles/FOC_Driver.elf.dir/Core/Src/freertos.c.obj
 .bss.hi2c1     0x20000ea0       0x54 CMakeFiles/FOC_Driver.elf.dir/Core/Src/i2c.c.obj
                0x20000ea0                hi2c1
 .bss.hspi1     0x20000ef4       0x58 CMakeFiles/FOC_Driver.elf.dir/Core/Src/spi.c.obj
                0x20000ef4                hspi1
 .bss.htim4     0x20000f4c       0x48 CMakeFiles/FOC_Driver.elf.dir/Core/Src/stm32f1xx_hal_timebase_tim.c.obj
                0x20000f4c                htim4
 .bss.__sbrk_heap_end
                0x20000f94        0x4 CMakeFiles/FOC_Driver.elf.dir/Core/Src/sysmem.c.obj
 .bss.htim1     0x20000f98       0x48 CMakeFiles/FOC_Driver.elf.dir/Core/Src/tim.c.obj
                0x20000f98                htim1
 .bss.huart1    0x20000fe0       0x44 CMakeFiles/FOC_Driver.elf.dir/Core/Src/usart.c.obj
                0x20000fe0                huart1
 .bss.uwTick    0x20001024        0x4 CMakeFiles/FOC_Driver.elf.dir/Drivers/STM32F1xx_HAL_Driver/Src/stm32f1xx_hal.c.obj
                0x20001024                uwTick
 .bss.last_mechanical_angle
                0x20001028        0x4 CMakeFiles/FOC_Driver.elf.dir/FOC/FOC.c.obj
                0x20001028                last_mechanical_angle
 .bss.now_velocity.0
                0x2000102c        0x4 CMakeFiles/FOC_Driver.elf.dir/FOC/FOC.c.obj
 .bss.pre_tick  0x20001030        0x4 CMakeFiles/FOC_Driver.elf.dir/FOC/FOC.c.obj
                0x20001030                pre_tick
 .bss.lpf_spring
                0x20001034        0x8 CMakeFiles/FOC_Driver.elf.dir/FOC/FOC_LPF.c.obj
                0x20001034                lpf_spring
 .bss.lpf_velocity
                0x2000103c        0x8 CMakeFiles/FOC_Driver.elf.dir/FOC/FOC_LPF.c.obj
                0x2000103c                lpf_velocity
 .bss.pid_damp  0x20001044       0x28 CMakeFiles/FOC_Driver.elf.dir/FOC/FOC_PID.c.obj
                0x20001044                pid_damp
 .bss.pid_knob  0x2000106c       0x28 CMakeFiles/FOC_Driver.elf.dir/FOC/FOC_PID.c.obj
                0x2000106c                pid_knob
 .bss.pid_position
                0x20001094       0x28 CMakeFiles/FOC_Driver.elf.dir/FOC/FOC_PID.c.obj
                0x20001094                pid_position
 .bss.pid_spring
                0x200010bc       0x28 CMakeFiles/FOC_Driver.elf.dir/FOC/FOC_PID.c.obj
                0x200010bc                pid_spring
 .bss.pid_spring_with_damp
                0x200010e4       0x28 CMakeFiles/FOC_Driver.elf.dir/FOC/FOC_PID.c.obj
                0x200010e4                pid_spring_with_damp
 .bss.pid_velocity
                0x2000110c       0x28 CMakeFiles/FOC_Driver.elf.dir/FOC/FOC_PID.c.obj
                0x2000110c                pid_velocity
 .bss.pid_zero_resistance
                0x20001134       0x28 CMakeFiles/FOC_Driver.elf.dir/FOC/FOC_PID.c.obj
                0x20001134                pid_zero_resistance
 .bss.data.0    0x2000115c        0x4 CMakeFiles/FOC_Driver.elf.dir/FOC/sensor/AS5600.c.obj
 .bss.raw_data.1
                0x20001160        0x2 CMakeFiles/FOC_Driver.elf.dir/FOC/sensor/AS5600.c.obj
 *fill*         0x20001162        0x2 
 .bss.values.1  0x20001164        0x3 CMakeFiles/FOC_Driver.elf.dir/GUI/gui.c.obj
 .bss.ucMaxSysCallPriority
                0x20001167        0x1 CMakeFiles/FOC_Driver.elf.dir/Middlewares/Third_Party/FreeRTOS/Source/portable/GCC/ARM_CM3/port.c.obj
 .bss.ulMaxPRIGROUPValue
                0x20001168        0x4 CMakeFiles/FOC_Driver.elf.dir/Middlewares/Third_Party/FreeRTOS/Source/portable/GCC/ARM_CM3/port.c.obj
 .bss.pxEnd     0x2000116c        0x4 CMakeFiles/FOC_Driver.elf.dir/Middlewares/Third_Party/FreeRTOS/Source/portable/MemMang/heap_4.c.obj
 .bss.ucHeap    0x20001170     0x36b0 CMakeFiles/FOC_Driver.elf.dir/Middlewares/Third_Party/FreeRTOS/Source/portable/MemMang/heap_4.c.obj
 .bss.xBlockAllocatedBit
                0x20004820        0x4 CMakeFiles/FOC_Driver.elf.dir/Middlewares/Third_Party/FreeRTOS/Source/portable/MemMang/heap_4.c.obj
 .bss.xFreeBytesRemaining
                0x20004824        0x4 CMakeFiles/FOC_Driver.elf.dir/Middlewares/Third_Party/FreeRTOS/Source/portable/MemMang/heap_4.c.obj
 .bss.xMinimumEverFreeBytesRemaining
                0x20004828        0x4 CMakeFiles/FOC_Driver.elf.dir/Middlewares/Third_Party/FreeRTOS/Source/portable/MemMang/heap_4.c.obj
 .bss.xStart    0x2000482c        0x8 CMakeFiles/FOC_Driver.elf.dir/Middlewares/Third_Party/FreeRTOS/Source/portable/MemMang/heap_4.c.obj
 .bss.pxCurrentTCB
                0x20004834        0x4 CMakeFiles/FOC_Driver.elf.dir/Middlewares/Third_Party/FreeRTOS/Source/tasks.c.obj
                0x20004834                pxCurrentTCB
 .bss.pxDelayedTaskList
                0x20004838        0x4 CMakeFiles/FOC_Driver.elf.dir/Middlewares/Third_Party/FreeRTOS/Source/tasks.c.obj
 .bss.pxOverflowDelayedTaskList
                0x2000483c        0x4 CMakeFiles/FOC_Driver.elf.dir/Middlewares/Third_Party/FreeRTOS/Source/tasks.c.obj
 .bss.pxReadyTasksLists
                0x20004840       0x8c CMakeFiles/FOC_Driver.elf.dir/Middlewares/Third_Party/FreeRTOS/Source/tasks.c.obj
 .bss.uxCurrentNumberOfTasks
                0x200048cc        0x4 CMakeFiles/FOC_Driver.elf.dir/Middlewares/Third_Party/FreeRTOS/Source/tasks.c.obj
 .bss.uxDeletedTasksWaitingCleanUp
                0x200048d0        0x4 CMakeFiles/FOC_Driver.elf.dir/Middlewares/Third_Party/FreeRTOS/Source/tasks.c.obj
 .bss.uxPendedTicks
                0x200048d4        0x4 CMakeFiles/FOC_Driver.elf.dir/Middlewares/Third_Party/FreeRTOS/Source/tasks.c.obj
 .bss.uxSchedulerSuspended
                0x200048d8        0x4 CMakeFiles/FOC_Driver.elf.dir/Middlewares/Third_Party/FreeRTOS/Source/tasks.c.obj
 .bss.uxTaskNumber
                0x200048dc        0x4 CMakeFiles/FOC_Driver.elf.dir/Middlewares/Third_Party/FreeRTOS/Source/tasks.c.obj
 .bss.uxTopReadyPriority
                0x200048e0        0x4 CMakeFiles/FOC_Driver.elf.dir/Middlewares/Third_Party/FreeRTOS/Source/tasks.c.obj
 .bss.xDelayedTaskList1
                0x200048e4       0x14 CMakeFiles/FOC_Driver.elf.dir/Middlewares/Third_Party/FreeRTOS/Source/tasks.c.obj
 .bss.xDelayedTaskList2
                0x200048f8       0x14 CMakeFiles/FOC_Driver.elf.dir/Middlewares/Third_Party/FreeRTOS/Source/tasks.c.obj
 .bss.xIdleTaskHandle
                0x2000490c        0x4 CMakeFiles/FOC_Driver.elf.dir/Middlewares/Third_Party/FreeRTOS/Source/tasks.c.obj
 .bss.xNextTaskUnblockTime
                0x20004910        0x4 CMakeFiles/FOC_Driver.elf.dir/Middlewares/Third_Party/FreeRTOS/Source/tasks.c.obj
 .bss.xNumOfOverflows
                0x20004914        0x4 CMakeFiles/FOC_Driver.elf.dir/Middlewares/Third_Party/FreeRTOS/Source/tasks.c.obj
 .bss.xPendingReadyList
                0x20004918       0x14 CMakeFiles/FOC_Driver.elf.dir/Middlewares/Third_Party/FreeRTOS/Source/tasks.c.obj
 .bss.xSchedulerRunning
                0x2000492c        0x4 CMakeFiles/FOC_Driver.elf.dir/Middlewares/Third_Party/FreeRTOS/Source/tasks.c.obj
 .bss.xSuspendedTaskList
                0x20004930       0x14 CMakeFiles/FOC_Driver.elf.dir/Middlewares/Third_Party/FreeRTOS/Source/tasks.c.obj
 .bss.xTasksWaitingTermination
                0x20004944       0x14 CMakeFiles/FOC_Driver.elf.dir/Middlewares/Third_Party/FreeRTOS/Source/tasks.c.obj
 .bss.xTickCount
                0x20004958        0x4 CMakeFiles/FOC_Driver.elf.dir/Middlewares/Third_Party/FreeRTOS/Source/tasks.c.obj
 .bss.xYieldPending
                0x2000495c        0x4 CMakeFiles/FOC_Driver.elf.dir/Middlewares/Third_Party/FreeRTOS/Source/tasks.c.obj
 .bss.__malloc_current_mallinfo
                0x20004960       0x28 c:/gcc-arm-none-eabi-10.3-2021.10/bin/../lib/gcc/arm-none-eabi/10.3.1/../../../../arm-none-eabi/lib/thumb/v7-m/nofp\libg.a(lib_a-mallocr.o)
                0x20004960                __malloc_current_mallinfo
 .bss.__malloc_max_sbrked_mem
                0x20004988        0x4 c:/gcc-arm-none-eabi-10.3-2021.10/bin/../lib/gcc/arm-none-eabi/10.3.1/../../../../arm-none-eabi/lib/thumb/v7-m/nofp\libg.a(lib_a-mallocr.o)
                0x20004988                __malloc_max_sbrked_mem
 .bss.__malloc_max_total_mem
                0x2000498c        0x4 c:/gcc-arm-none-eabi-10.3-2021.10/bin/../lib/gcc/arm-none-eabi/10.3.1/../../../../arm-none-eabi/lib/thumb/v7-m/nofp\libg.a(lib_a-mallocr.o)
                0x2000498c                __malloc_max_total_mem
 .bss.__malloc_top_pad
                0x20004990        0x4 c:/gcc-arm-none-eabi-10.3-2021.10/bin/../lib/gcc/arm-none-eabi/10.3.1/../../../../arm-none-eabi/lib/thumb/v7-m/nofp\libg.a(lib_a-mallocr.o)
                0x20004990                __malloc_top_pad
 .bss.errno     0x20004994        0x4 c:/gcc-arm-none-eabi-10.3-2021.10/bin/../lib/gcc/arm-none-eabi/10.3.1/../../../../arm-none-eabi/lib/thumb/v7-m/nofp\libg.a(lib_a-reent.o)
                0x20004994                errno
 .bss.__lock___atexit_recursive_mutex
                0x20004998        0x1 c:/gcc-arm-none-eabi-10.3-2021.10/bin/../lib/gcc/arm-none-eabi/10.3.1/../../../../arm-none-eabi/lib/thumb/v7-m/nofp\libg.a(lib_a-lock.o)
                0x20004998                __lock___atexit_recursive_mutex
 *fill*         0x20004999        0x3 
 .bss.__lock___malloc_recursive_mutex
                0x2000499c        0x1 c:/gcc-arm-none-eabi-10.3-2021.10/bin/../lib/gcc/arm-none-eabi/10.3.1/../../../../arm-none-eabi/lib/thumb/v7-m/nofp\libg.a(lib_a-lock.o)
                0x2000499c                __lock___malloc_recursive_mutex
 *(COMMON)
                0x200049a0                . = ALIGN (0x4)
 *fill*         0x2000499d        0x3 
                0x200049a0                _ebss = .
                0x200049a0                __bss_end__ = _ebss

._user_heap_stack
                0x200049a0      0x600 load address 0x0800f060
                0x200049a0                . = ALIGN (0x8)
                [!provide]                PROVIDE (end = .)
                0x200049a0                PROVIDE (_end = .)
                0x20004ba0                . = (. + _Min_Heap_Size)
 *fill*         0x200049a0      0x200 
                0x20004fa0                . = (. + _Min_Stack_Size)
 *fill*         0x20004ba0      0x400 
                0x20004fa0                . = ALIGN (0x8)

/DISCARD/
 libc.a(*)
 libm.a(*)
 libgcc.a(*)

.ARM.attributes
                0x00000000       0x29
 *(.ARM.attributes)
 .ARM.attributes
                0x00000000       0x1d c:/gcc-arm-none-eabi-10.3-2021.10/bin/../lib/gcc/arm-none-eabi/10.3.1/thumb/v7-m/nofp/crti.o
 .ARM.attributes
                0x0000001d       0x2d c:/gcc-arm-none-eabi-10.3-2021.10/bin/../lib/gcc/arm-none-eabi/10.3.1/thumb/v7-m/nofp/crtbegin.o
 .ARM.attributes
                0x0000004a       0x2d CMakeFiles/FOC_Driver.elf.dir/BSP/bsp_button.c.obj
 .ARM.attributes
                0x00000077       0x2d CMakeFiles/FOC_Driver.elf.dir/Core/Src/adc.c.obj
 .ARM.attributes
                0x000000a4       0x2d CMakeFiles/FOC_Driver.elf.dir/Core/Src/can.c.obj
 .ARM.attributes
                0x000000d1       0x2d CMakeFiles/FOC_Driver.elf.dir/Core/Src/freertos.c.obj
 .ARM.attributes
                0x000000fe       0x2d CMakeFiles/FOC_Driver.elf.dir/Core/Src/gpio.c.obj
 .ARM.attributes
                0x0000012b       0x2d CMakeFiles/FOC_Driver.elf.dir/Core/Src/i2c.c.obj
 .ARM.attributes
                0x00000158       0x2d CMakeFiles/FOC_Driver.elf.dir/Core/Src/main.c.obj
 .ARM.attributes
                0x00000185       0x2d CMakeFiles/FOC_Driver.elf.dir/Core/Src/spi.c.obj
 .ARM.attributes
                0x000001b2       0x2d CMakeFiles/FOC_Driver.elf.dir/Core/Src/stm32f1xx_hal_msp.c.obj
 .ARM.attributes
                0x000001df       0x2d CMakeFiles/FOC_Driver.elf.dir/Core/Src/stm32f1xx_hal_timebase_tim.c.obj
 .ARM.attributes
                0x0000020c       0x2d CMakeFiles/FOC_Driver.elf.dir/Core/Src/stm32f1xx_it.c.obj
 .ARM.attributes
                0x00000239       0x2d CMakeFiles/FOC_Driver.elf.dir/Core/Src/sysmem.c.obj
 .ARM.attributes
                0x00000266       0x2d CMakeFiles/FOC_Driver.elf.dir/Core/Src/system_stm32f1xx.c.obj
 .ARM.attributes
                0x00000293       0x2d CMakeFiles/FOC_Driver.elf.dir/Core/Src/tim.c.obj
 .ARM.attributes
                0x000002c0       0x2d CMakeFiles/FOC_Driver.elf.dir/Core/Src/usart.c.obj
 .ARM.attributes
                0x000002ed       0x21 CMakeFiles/FOC_Driver.elf.dir/Core/Startup/startup_stm32f103cbtx.s.obj
 .ARM.attributes
                0x0000030e       0x2d CMakeFiles/FOC_Driver.elf.dir/Drivers/STM32F1xx_HAL_Driver/Src/stm32f1xx_hal.c.obj
 .ARM.attributes
                0x0000033b       0x2d CMakeFiles/FOC_Driver.elf.dir/Drivers/STM32F1xx_HAL_Driver/Src/stm32f1xx_hal_adc.c.obj
 .ARM.attributes
                0x00000368       0x2d CMakeFiles/FOC_Driver.elf.dir/Drivers/STM32F1xx_HAL_Driver/Src/stm32f1xx_hal_adc_ex.c.obj
 .ARM.attributes
                0x00000395       0x2d CMakeFiles/FOC_Driver.elf.dir/Drivers/STM32F1xx_HAL_Driver/Src/stm32f1xx_hal_can.c.obj
 .ARM.attributes
                0x000003c2       0x2d CMakeFiles/FOC_Driver.elf.dir/Drivers/STM32F1xx_HAL_Driver/Src/stm32f1xx_hal_cortex.c.obj
 .ARM.attributes
                0x000003ef       0x2d CMakeFiles/FOC_Driver.elf.dir/Drivers/STM32F1xx_HAL_Driver/Src/stm32f1xx_hal_gpio.c.obj
 .ARM.attributes
                0x0000041c       0x2d CMakeFiles/FOC_Driver.elf.dir/Drivers/STM32F1xx_HAL_Driver/Src/stm32f1xx_hal_i2c.c.obj
 .ARM.attributes
                0x00000449       0x2d CMakeFiles/FOC_Driver.elf.dir/Drivers/STM32F1xx_HAL_Driver/Src/stm32f1xx_hal_rcc.c.obj
 .ARM.attributes
                0x00000476       0x2d CMakeFiles/FOC_Driver.elf.dir/Drivers/STM32F1xx_HAL_Driver/Src/stm32f1xx_hal_rcc_ex.c.obj
 .ARM.attributes
                0x000004a3       0x2d CMakeFiles/FOC_Driver.elf.dir/Drivers/STM32F1xx_HAL_Driver/Src/stm32f1xx_hal_spi.c.obj
 .ARM.attributes
                0x000004d0       0x2d CMakeFiles/FOC_Driver.elf.dir/Drivers/STM32F1xx_HAL_Driver/Src/stm32f1xx_hal_tim.c.obj
 .ARM.attributes
                0x000004fd       0x2d CMakeFiles/FOC_Driver.elf.dir/Drivers/STM32F1xx_HAL_Driver/Src/stm32f1xx_hal_tim_ex.c.obj
 .ARM.attributes
                0x0000052a       0x2d CMakeFiles/FOC_Driver.elf.dir/Drivers/STM32F1xx_HAL_Driver/Src/stm32f1xx_hal_uart.c.obj
 .ARM.attributes
                0x00000557       0x2d CMakeFiles/FOC_Driver.elf.dir/FOC/FOC.c.obj
 .ARM.attributes
                0x00000584       0x2d CMakeFiles/FOC_Driver.elf.dir/FOC/FOC_LPF.c.obj
 .ARM.attributes
                0x000005b1       0x2d CMakeFiles/FOC_Driver.elf.dir/FOC/FOC_PID.c.obj
 .ARM.attributes
                0x000005de       0x2d CMakeFiles/FOC_Driver.elf.dir/FOC/FOC_utils.c.obj
 .ARM.attributes
                0x0000060b       0x2d CMakeFiles/FOC_Driver.elf.dir/FOC/hardware_specific/stm32_mcu.c.obj
 .ARM.attributes
                0x00000638       0x2d CMakeFiles/FOC_Driver.elf.dir/FOC/sensor/AS5600.c.obj
 .ARM.attributes
                0x00000665       0x2d CMakeFiles/FOC_Driver.elf.dir/FOC/sensor/current_sense.c.obj
 .ARM.attributes
                0x00000692       0x2d CMakeFiles/FOC_Driver.elf.dir/GUI/gui.c.obj
 .ARM.attributes
                0x000006bf       0x2d CMakeFiles/FOC_Driver.elf.dir/GUI/st7735/fonts.c.obj
 .ARM.attributes
                0x000006ec       0x2d CMakeFiles/FOC_Driver.elf.dir/GUI/st7735/image.c.obj
 .ARM.attributes
                0x00000719       0x2d CMakeFiles/FOC_Driver.elf.dir/GUI/st7735/st7735.c.obj
 .ARM.attributes
                0x00000746       0x2d CMakeFiles/FOC_Driver.elf.dir/Middlewares/Third_Party/FreeRTOS/Source/CMSIS_RTOS/cmsis_os.c.obj
 .ARM.attributes
                0x00000773       0x2d CMakeFiles/FOC_Driver.elf.dir/Middlewares/Third_Party/FreeRTOS/Source/list.c.obj
 .ARM.attributes
                0x000007a0       0x2d CMakeFiles/FOC_Driver.elf.dir/Middlewares/Third_Party/FreeRTOS/Source/portable/GCC/ARM_CM3/port.c.obj
 .ARM.attributes
                0x000007cd       0x2d CMakeFiles/FOC_Driver.elf.dir/Middlewares/Third_Party/FreeRTOS/Source/portable/MemMang/heap_4.c.obj
 .ARM.attributes
                0x000007fa       0x2d CMakeFiles/FOC_Driver.elf.dir/Middlewares/Third_Party/FreeRTOS/Source/tasks.c.obj
 .ARM.attributes
                0x00000827       0x1d c:/gcc-arm-none-eabi-10.3-2021.10/bin/../lib/gcc/arm-none-eabi/10.3.1/thumb/v7-m/nofp\libgcc.a(_arm_addsubdf3.o)
 .ARM.attributes
                0x00000844       0x1d c:/gcc-arm-none-eabi-10.3-2021.10/bin/../lib/gcc/arm-none-eabi/10.3.1/thumb/v7-m/nofp\libgcc.a(_arm_cmpdf2.o)
 .ARM.attributes
                0x00000861       0x1d c:/gcc-arm-none-eabi-10.3-2021.10/bin/../lib/gcc/arm-none-eabi/10.3.1/thumb/v7-m/nofp\libgcc.a(_arm_fixdfsi.o)
 .ARM.attributes
                0x0000087e       0x1d c:/gcc-arm-none-eabi-10.3-2021.10/bin/../lib/gcc/arm-none-eabi/10.3.1/thumb/v7-m/nofp\libgcc.a(_arm_fixunsdfsi.o)
 .ARM.attributes
                0x0000089b       0x1d c:/gcc-arm-none-eabi-10.3-2021.10/bin/../lib/gcc/arm-none-eabi/10.3.1/thumb/v7-m/nofp\libgcc.a(_arm_truncdfsf2.o)
 .ARM.attributes
                0x000008b8       0x1d c:/gcc-arm-none-eabi-10.3-2021.10/bin/../lib/gcc/arm-none-eabi/10.3.1/thumb/v7-m/nofp\libgcc.a(_arm_addsubsf3.o)
 .ARM.attributes
                0x000008d5       0x1d c:/gcc-arm-none-eabi-10.3-2021.10/bin/../lib/gcc/arm-none-eabi/10.3.1/thumb/v7-m/nofp\libgcc.a(_arm_muldivsf3.o)
 .ARM.attributes
                0x000008f2       0x1d c:/gcc-arm-none-eabi-10.3-2021.10/bin/../lib/gcc/arm-none-eabi/10.3.1/thumb/v7-m/nofp\libgcc.a(_arm_cmpsf2.o)
 .ARM.attributes
                0x0000090f       0x1d c:/gcc-arm-none-eabi-10.3-2021.10/bin/../lib/gcc/arm-none-eabi/10.3.1/thumb/v7-m/nofp\libgcc.a(_arm_fixsfsi.o)
 .ARM.attributes
                0x0000092c       0x2d c:/gcc-arm-none-eabi-10.3-2021.10/bin/../lib/gcc/arm-none-eabi/10.3.1/../../../../arm-none-eabi/lib/thumb/v7-m/nofp\libg.a(lib_a-errno.o)
 .ARM.attributes